Archive member included because of file (symbol)

libs/gcc/app_start.lib(memory.o)
                              build\gcc\obj/ril/src/ril_lwm2m.o (Ql_MEM_Alloc)
libs/gcc/app_start.lib(ql_func.o)
                              libs/gcc/app_start.lib(memory.o) (m_get_api_ptr)
libs/gcc/app_start.lib(ql_main.o)
                              build\gcc\obj/ril/src/ril_atResponse.o (Ql_sscanf)
libs/gcc/app_start.lib(ril_aux.o)
                              build\gcc\obj/custom/config/sys_config.o (proc_reserved2)
libs/gcc/app_start.lib(ril_main.o)
                              build\gcc\obj/custom/main.o (Ql_RIL_Initialize)
libs/gcc/app_start.lib(stdlib_func.o)
                              build\gcc\obj/example/utility.o (Ql_strncpy)
libs/gcc/app_start.lib(system.o)
                              libs/gcc/app_start.lib(ql_main.o) (Ql_GetvFunc_Init_Status)
libs/gcc/app_start.lib(taskMngt.o)
                              build\gcc\obj/custom/main.o (Ql_OS_GetMessage)
libs/gcc/app_start.lib(timer.o)
                              libs/gcc/app_start.lib(ril_main.o) (Ql_Timer_Register)
libs/gcc/app_start.lib(uart.o)
                              build\gcc\obj/custom/main.o (Ql_UART_Register)
libs/gcc/app_start.lib(ocpu_init.o)
                              libs/gcc/app_start.lib(ql_main.o) (_OCPU_InitUserMem)
libs/gcc/app_start.lib(ql_urc_register.o)
                              libs/gcc/app_start.lib(ril_aux.o) (Ql_RIL_Protocol_Handle)
tools\gcc\win\gcc-arm-none-eabi/arm-none-eabi/lib/armv7e-m/fpu/libc.a(lib_a-memset.o)
                              build\gcc\obj/ril/src/ril_sim.o (memset)

Discarded input sections

 .text          0x00000000        0x0 build\gcc\obj/custom/config/custom_sys_cfg.o
 .data          0x00000000        0x0 build\gcc\obj/custom/config/custom_sys_cfg.o
 .bss           0x00000000        0x0 build\gcc\obj/custom/config/custom_sys_cfg.o
 .text.Ql_WTD_GetWDIPinCfg
                0x00000000        0x8 build\gcc\obj/custom/config/custom_sys_cfg.o
 .text          0x00000000        0x0 build\gcc\obj/custom/config/sys_config.o
 .data          0x00000000        0x0 build\gcc\obj/custom/config/sys_config.o
 .bss           0x00000000        0x0 build\gcc\obj/custom/config/sys_config.o
 .text          0x00000000        0x0 build\gcc\obj/ril/src/ril_atResponse.o
 .data          0x00000000        0x0 build\gcc\obj/ril/src/ril_atResponse.o
 .bss           0x00000000        0x0 build\gcc\obj/ril/src/ril_atResponse.o
 .text.Ql_RIL_AT_GetErrCode
                0x00000000        0xc build\gcc\obj/ril/src/ril_atResponse.o
 .text          0x00000000        0x0 build\gcc\obj/ril/src/ril_dfota.o
 .data          0x00000000        0x0 build\gcc\obj/ril/src/ril_dfota.o
 .bss           0x00000000        0x0 build\gcc\obj/ril/src/ril_dfota.o
 .text.RIL_DFOTA_Upgrade
                0x00000000       0xb4 build\gcc\obj/ril/src/ril_dfota.o
 .text          0x00000000        0x0 build\gcc\obj/ril/src/ril_init.o
 .data          0x00000000        0x0 build\gcc\obj/ril/src/ril_init.o
 .bss           0x00000000        0x0 build\gcc\obj/ril/src/ril_init.o
 .text          0x00000000        0x0 build\gcc\obj/ril/src/ril_lwm2m.o
 .data          0x00000000        0x0 build\gcc\obj/ril/src/ril_lwm2m.o
 .bss           0x00000000        0x0 build\gcc\obj/ril/src/ril_lwm2m.o
 .text.ATResponse_Handler
                0x00000000       0x6c build\gcc\obj/ril/src/ril_lwm2m.o
 .text.ATResponse_Status_Handler
                0x00000000       0x84 build\gcc\obj/ril/src/ril_lwm2m.o
 .text.RIL_QLwM2M_Cfg
                0x00000000       0x94 build\gcc\obj/ril/src/ril_lwm2m.o
 .text.RIL_QLwM2M_Addobj
                0x00000000       0xb8 build\gcc\obj/ril/src/ril_lwm2m.o
 .text.RIL_QLwM2M_Delobj
                0x00000000       0x4c build\gcc\obj/ril/src/ril_lwm2m.o
 .text.RIL_QLwM2M_Cfg_Autoreg
                0x00000000       0x4c build\gcc\obj/ril/src/ril_lwm2m.o
 .text.RIL_QLwM2M_Cfg_Retrans
                0x00000000       0x50 build\gcc\obj/ril/src/ril_lwm2m.o
 .text.RIL_QLwM2M_Reg
                0x00000000       0x48 build\gcc\obj/ril/src/ril_lwm2m.o
 .text.RIL_QLwM2M_Update
                0x00000000       0x50 build\gcc\obj/ril/src/ril_lwm2m.o
 .text.RIL_LwM2M_Notify
                0x00000000      0x114 build\gcc\obj/ril/src/ril_lwm2m.o
 .text.RIL_QLwM2M_Write_Rsp
                0x00000000       0x50 build\gcc\obj/ril/src/ril_lwm2m.o
 .text.RIL_QLwM2M_Observe_Rsp
                0x00000000       0x94 build\gcc\obj/ril/src/ril_lwm2m.o
 .text.RIL_QLwM2M_Read_Rsp
                0x00000000       0x94 build\gcc\obj/ril/src/ril_lwm2m.o
 .text.RIL_QLwM2M_Execute_Rsp
                0x00000000       0x50 build\gcc\obj/ril/src/ril_lwm2m.o
 .text.RIL_QLwM2M_Dereg
                0x00000000       0x48 build\gcc\obj/ril/src/ril_lwm2m.o
 .text.RIL_QLwM2M_Status
                0x00000000       0x4c build\gcc\obj/ril/src/ril_lwm2m.o
 .rodata.str1.1
                0x00000000      0x1e4 build\gcc\obj/ril/src/ril_lwm2m.o
 .debug_info    0x00000000     0x1429 build\gcc\obj/ril/src/ril_lwm2m.o
 .debug_abbrev  0x00000000      0x26c build\gcc\obj/ril/src/ril_lwm2m.o
 .debug_loc     0x00000000      0xb04 build\gcc\obj/ril/src/ril_lwm2m.o
 .debug_aranges
                0x00000000       0x98 build\gcc\obj/ril/src/ril_lwm2m.o
 .debug_ranges  0x00000000       0x88 build\gcc\obj/ril/src/ril_lwm2m.o
 .debug_line    0x00000000      0x251 build\gcc\obj/ril/src/ril_lwm2m.o
 .debug_str     0x00000000      0x7ad build\gcc\obj/ril/src/ril_lwm2m.o
 .comment       0x00000000       0x71 build\gcc\obj/ril/src/ril_lwm2m.o
 .ARM.attributes
                0x00000000       0x39 build\gcc\obj/ril/src/ril_lwm2m.o
 .debug_frame   0x00000000      0x20c build\gcc\obj/ril/src/ril_lwm2m.o
 .text          0x00000000        0x0 build\gcc\obj/ril/src/ril_mqtt.o
 .data          0x00000000        0x0 build\gcc\obj/ril/src/ril_mqtt.o
 .bss           0x00000000        0x0 build\gcc\obj/ril/src/ril_mqtt.o
 .text.ATResponse_Handler
                0x00000000       0x5c build\gcc\obj/ril/src/ril_mqtt.o
 .text.RIL_MQTT_QMTCFG_Ali
                0x00000000       0x58 build\gcc\obj/ril/src/ril_mqtt.o
 .text.RIL_MQTT_QMTCFG_SSL
                0x00000000       0x58 build\gcc\obj/ril/src/ril_mqtt.o
 .text.RIL_MQTT_QMTOPEN
                0x00000000       0x54 build\gcc\obj/ril/src/ril_mqtt.o
 .text.RIL_MQTT_QMTCONN
                0x00000000       0x70 build\gcc\obj/ril/src/ril_mqtt.o
 .text.RIL_MQTT_QMTSUB
                0x00000000      0x14c build\gcc\obj/ril/src/ril_mqtt.o
 .text.RIL_MQTT_QMTPUB
                0x00000000       0x88 build\gcc\obj/ril/src/ril_mqtt.o
 .text.RIL_MQTT_QMTUNS
                0x00000000      0x128 build\gcc\obj/ril/src/ril_mqtt.o
 .text.RIL_MQTT_QMTCLOSE
                0x00000000       0x4c build\gcc\obj/ril/src/ril_mqtt.o
 .text.RIL_MQTT_QMTDISC
                0x00000000       0x4c build\gcc\obj/ril/src/ril_mqtt.o
 .rodata.str1.1
                0x00000000      0x13a build\gcc\obj/ril/src/ril_mqtt.o
 .debug_info    0x00000000      0xe3d build\gcc\obj/ril/src/ril_mqtt.o
 .debug_abbrev  0x00000000      0x25e build\gcc\obj/ril/src/ril_mqtt.o
 .debug_loc     0x00000000      0xac4 build\gcc\obj/ril/src/ril_mqtt.o
 .debug_aranges
                0x00000000       0x68 build\gcc\obj/ril/src/ril_mqtt.o
 .debug_ranges  0x00000000       0x58 build\gcc\obj/ril/src/ril_mqtt.o
 .debug_line    0x00000000      0x1b8 build\gcc\obj/ril/src/ril_mqtt.o
 .debug_str     0x00000000      0x4ef build\gcc\obj/ril/src/ril_mqtt.o
 .comment       0x00000000       0x71 build\gcc\obj/ril/src/ril_mqtt.o
 .ARM.attributes
                0x00000000       0x39 build\gcc\obj/ril/src/ril_mqtt.o
 .debug_frame   0x00000000      0x170 build\gcc\obj/ril/src/ril_mqtt.o
 .text          0x00000000        0x0 build\gcc\obj/ril/src/ril_network.o
 .data          0x00000000        0x0 build\gcc\obj/ril/src/ril_network.o
 .bss           0x00000000        0x0 build\gcc\obj/ril/src/ril_network.o
 .text.ATResponse_Handler
                0x00000000       0x5c build\gcc\obj/ril/src/ril_network.o
 .text.ATResponse_CEREG_Handler
                0x00000000       0x84 build\gcc\obj/ril/src/ril_network.o
 .text.ATResponse_CSQ_Handler
                0x00000000       0x7c build\gcc\obj/ril/src/ril_network.o
 .text.ATResponse_CSCON_Handler
                0x00000000       0x84 build\gcc\obj/ril/src/ril_network.o
 .text.ATResponse_QENG_Handler
                0x00000000       0x88 build\gcc\obj/ril/src/ril_network.o
 .text.RIL_NW_SetCFUN
                0x00000000       0x50 build\gcc\obj/ril/src/ril_network.o
 .text.RIL_NW_SetPSM
                0x00000000       0x48 build\gcc\obj/ril/src/ril_network.o
 .text.RIL_NW_GetEGPRSState
                0x00000000       0x4c build\gcc\obj/ril/src/ril_network.o
 .text.RIL_NW_GetCSQ
                0x00000000       0x40 build\gcc\obj/ril/src/ril_network.o
 .text.RIL_NW_GetCSCON
                0x00000000       0x4c build\gcc\obj/ril/src/ril_network.o
 .text.RIL_NW_GetQENG
                0x00000000       0x7c build\gcc\obj/ril/src/ril_network.o
 .rodata        0x00000000       0x58 build\gcc\obj/ril/src/ril_network.o
 .rodata.str1.1
                0x00000000       0x73 build\gcc\obj/ril/src/ril_network.o
 .debug_info    0x00000000      0xc74 build\gcc\obj/ril/src/ril_network.o
 .debug_abbrev  0x00000000      0x233 build\gcc\obj/ril/src/ril_network.o
 .debug_loc     0x00000000      0xa05 build\gcc\obj/ril/src/ril_network.o
 .debug_aranges
                0x00000000       0x70 build\gcc\obj/ril/src/ril_network.o
 .debug_ranges  0x00000000       0x90 build\gcc\obj/ril/src/ril_network.o
 .debug_line    0x00000000      0x1e3 build\gcc\obj/ril/src/ril_network.o
 .debug_str     0x00000000      0x45e build\gcc\obj/ril/src/ril_network.o
 .comment       0x00000000       0x71 build\gcc\obj/ril/src/ril_network.o
 .ARM.attributes
                0x00000000       0x39 build\gcc\obj/ril/src/ril_network.o
 .debug_frame   0x00000000      0x168 build\gcc\obj/ril/src/ril_network.o
 .text          0x00000000        0x0 build\gcc\obj/ril/src/ril_sim.o
 .data          0x00000000        0x0 build\gcc\obj/ril/src/ril_sim.o
 .bss           0x00000000        0x0 build\gcc\obj/ril/src/ril_sim.o
 .text.ATRsp_IMSI_Handler
                0x00000000       0x84 build\gcc\obj/ril/src/ril_sim.o
 .text.ATRsp_CCID_Handler
                0x00000000       0x7c build\gcc\obj/ril/src/ril_sim.o
 .text.ATResponse_CPIN_Handler
                0x00000000       0xe8 build\gcc\obj/ril/src/ril_sim.o
 .text.RIL_SIM_GetSimState
                0x00000000       0x4c build\gcc\obj/ril/src/ril_sim.o
 .text.RIL_SIM_GetIMSI
                0x00000000       0x48 build\gcc\obj/ril/src/ril_sim.o
 .text.RIL_SIM_GetCCID
                0x00000000       0x48 build\gcc\obj/ril/src/ril_sim.o
 .rodata        0x00000000       0x1d build\gcc\obj/ril/src/ril_sim.o
 .rodata.CSWTCH.10
                0x00000000        0x9 build\gcc\obj/ril/src/ril_sim.o
 .text          0x00000000        0x0 build\gcc\obj/ril/src/ril_socket.o
 .data          0x00000000        0x0 build\gcc\obj/ril/src/ril_socket.o
 .bss           0x00000000        0x0 build\gcc\obj/ril/src/ril_socket.o
 .text.ATResponse_Handler
                0x00000000       0x5c build\gcc\obj/ril/src/ril_socket.o
 .text.ATRsp_Soc_Qisend_Handler
                0x00000000       0x5c build\gcc\obj/ril/src/ril_socket.o
 .text.ATRsp_Soc_Qiclose_Handler
                0x00000000       0x4c build\gcc\obj/ril/src/ril_socket.o
 .text.RIL_SOC_QIOPEN
                0x00000000       0xf0 build\gcc\obj/ril/src/ril_socket.o
 .text.RIL_SOC_QISEND
                0x00000000       0x88 build\gcc\obj/ril/src/ril_socket.o
 .text.RIL_SOC_QISENDEX
                0x00000000       0x88 build\gcc\obj/ril/src/ril_socket.o
 .text.RIL_SOC_QICFG_FORMAT
                0x00000000       0x50 build\gcc\obj/ril/src/ril_socket.o
 .text.RIL_SOC_QICLOSE
                0x00000000       0x4c build\gcc\obj/ril/src/ril_socket.o
 .rodata.str1.1
                0x00000000       0xe9 build\gcc\obj/ril/src/ril_socket.o
 .debug_info    0x00000000      0xa62 build\gcc\obj/ril/src/ril_socket.o
 .debug_abbrev  0x00000000      0x1ae build\gcc\obj/ril/src/ril_socket.o
 .debug_loc     0x00000000      0x6ca build\gcc\obj/ril/src/ril_socket.o
 .debug_aranges
                0x00000000       0x58 build\gcc\obj/ril/src/ril_socket.o
 .debug_ranges  0x00000000       0x48 build\gcc\obj/ril/src/ril_socket.o
 .debug_line    0x00000000      0x16a build\gcc\obj/ril/src/ril_socket.o
 .debug_str     0x00000000      0x4d1 build\gcc\obj/ril/src/ril_socket.o
 .comment       0x00000000       0x71 build\gcc\obj/ril/src/ril_socket.o
 .ARM.attributes
                0x00000000       0x39 build\gcc\obj/ril/src/ril_socket.o
 .debug_frame   0x00000000      0x110 build\gcc\obj/ril/src/ril_socket.o
 .text          0x00000000        0x0 build\gcc\obj/ril/src/ril_ssl.o
 .data          0x00000000        0x0 build\gcc\obj/ril/src/ril_ssl.o
 .bss           0x00000000        0x0 build\gcc\obj/ril/src/ril_ssl.o
 .text.ATResponse_Cfg_Handler
                0x00000000       0xd4 build\gcc\obj/ril/src/ril_ssl.o
 .text.ATResponse_Send_Handler
                0x00000000       0xe0 build\gcc\obj/ril/src/ril_ssl.o
 .text.ATResponse_Handler
                0x00000000       0x5c build\gcc\obj/ril/src/ril_ssl.o
 .text.RIL_QSSL_CFG
                0x00000000      0x234 build\gcc\obj/ril/src/ril_ssl.o
 .text.RIL_QSSL_OPEN
                0x00000000       0x5c build\gcc\obj/ril/src/ril_ssl.o
 .text.RIL_QSSL_SEND
                0x00000000       0x78 build\gcc\obj/ril/src/ril_ssl.o
 .text.RIL_QSSL_CLOSE
                0x00000000       0x4c build\gcc\obj/ril/src/ril_ssl.o
 .rodata.str1.1
                0x00000000      0x1dd build\gcc\obj/ril/src/ril_ssl.o
 .debug_info    0x00000000      0xbc7 build\gcc\obj/ril/src/ril_ssl.o
 .debug_abbrev  0x00000000      0x235 build\gcc\obj/ril/src/ril_ssl.o
 .debug_loc     0x00000000      0xa19 build\gcc\obj/ril/src/ril_ssl.o
 .debug_aranges
                0x00000000       0x50 build\gcc\obj/ril/src/ril_ssl.o
 .debug_ranges  0x00000000       0x70 build\gcc\obj/ril/src/ril_ssl.o
 .debug_line    0x00000000      0x1ba build\gcc\obj/ril/src/ril_ssl.o
 .debug_str     0x00000000      0x679 build\gcc\obj/ril/src/ril_ssl.o
 .comment       0x00000000       0x71 build\gcc\obj/ril/src/ril_ssl.o
 .ARM.attributes
                0x00000000       0x39 build\gcc\obj/ril/src/ril_ssl.o
 .debug_frame   0x00000000       0xf8 build\gcc\obj/ril/src/ril_ssl.o
 .text          0x00000000        0x0 build\gcc\obj/ril/src/ril_system.o
 .data          0x00000000        0x0 build\gcc\obj/ril/src/ril_system.o
 .bss           0x00000000        0x0 build\gcc\obj/ril/src/ril_system.o
 .text.ATResponse_Handler
                0x00000000       0x5c build\gcc\obj/ril/src/ril_system.o
 .text.ATRsp_Firmware_Handler
                0x00000000       0x88 build\gcc\obj/ril/src/ril_system.o
 .text.ATRsp_IMEI_Handler
                0x00000000       0x88 build\gcc\obj/ril/src/ril_system.o
 .text.RIL_GetFirmwareVer
                0x00000000       0x48 build\gcc\obj/ril/src/ril_system.o
 .text.RIL_GetIMEI
                0x00000000       0x4c build\gcc\obj/ril/src/ril_system.o
 .text.RIL_QNbiotRai
                0x00000000       0x48 build\gcc\obj/ril/src/ril_system.o
 .text.RIL_QNbiotEvent_Enable
                0x00000000       0x54 build\gcc\obj/ril/src/ril_system.o
 .text.RIL_QNbiotEvent_Disable
                0x00000000       0x54 build\gcc\obj/ril/src/ril_system.o
 .rodata        0x00000000        0x9 build\gcc\obj/ril/src/ril_system.o
 .rodata.str1.1
                0x00000000       0x86 build\gcc\obj/ril/src/ril_system.o
 .text          0x00000000        0x0 build\gcc\obj/ril/src/ril_urc.o
 .data          0x00000000        0x0 build\gcc\obj/ril/src/ril_urc.o
 .bss           0x00000000        0x0 build\gcc\obj/ril/src/ril_urc.o
 .text          0x00000000        0x0 build\gcc\obj/ril/src/ril_util.o
 .data          0x00000000        0x0 build\gcc\obj/ril/src/ril_util.o
 .bss           0x00000000        0x0 build\gcc\obj/ril/src/ril_util.o
 .text.Ql_HexStrToInt
                0x00000000       0x4c build\gcc\obj/ril/src/ril_util.o
 .text.Ql_GenHash
                0x00000000       0x28 build\gcc\obj/ril/src/ril_util.o
 .text          0x00000000        0x0 build\gcc\obj/example/example_adc.o
 .data          0x00000000        0x0 build\gcc\obj/example/example_adc.o
 .bss           0x00000000        0x0 build\gcc\obj/example/example_adc.o
 .debug_line    0x00000000        0x0 build\gcc\obj/example/example_adc.o
 .debug_str     0x00000000        0x0 build\gcc\obj/example/example_adc.o
 .comment       0x00000000       0x71 build\gcc\obj/example/example_adc.o
 .ARM.attributes
                0x00000000       0x39 build\gcc\obj/example/example_adc.o
 .text          0x00000000        0x0 build\gcc\obj/example/example_dfota_http.o
 .data          0x00000000        0x0 build\gcc\obj/example/example_dfota_http.o
 .bss           0x00000000        0x0 build\gcc\obj/example/example_dfota_http.o
 .debug_line    0x00000000        0x0 build\gcc\obj/example/example_dfota_http.o
 .debug_str     0x00000000        0x0 build\gcc\obj/example/example_dfota_http.o
 .comment       0x00000000       0x71 build\gcc\obj/example/example_dfota_http.o
 .ARM.attributes
                0x00000000       0x39 build\gcc\obj/example/example_dfota_http.o
 .text          0x00000000        0x0 build\gcc\obj/example/example_eint.o
 .data          0x00000000        0x0 build\gcc\obj/example/example_eint.o
 .bss           0x00000000        0x0 build\gcc\obj/example/example_eint.o
 .debug_line    0x00000000        0x0 build\gcc\obj/example/example_eint.o
 .debug_str     0x00000000        0x0 build\gcc\obj/example/example_eint.o
 .comment       0x00000000       0x71 build\gcc\obj/example/example_eint.o
 .ARM.attributes
                0x00000000       0x39 build\gcc\obj/example/example_eint.o
 .text          0x00000000        0x0 build\gcc\obj/example/example_flash.o
 .data          0x00000000        0x0 build\gcc\obj/example/example_flash.o
 .bss           0x00000000        0x0 build\gcc\obj/example/example_flash.o
 .debug_line    0x00000000        0x0 build\gcc\obj/example/example_flash.o
 .debug_str     0x00000000        0x0 build\gcc\obj/example/example_flash.o
 .comment       0x00000000       0x71 build\gcc\obj/example/example_flash.o
 .ARM.attributes
                0x00000000       0x39 build\gcc\obj/example/example_flash.o
 .text          0x00000000        0x0 build\gcc\obj/example/example_float_math.o
 .data          0x00000000        0x0 build\gcc\obj/example/example_float_math.o
 .bss           0x00000000        0x0 build\gcc\obj/example/example_float_math.o
 .debug_line    0x00000000        0x0 build\gcc\obj/example/example_float_math.o
 .debug_str     0x00000000        0x0 build\gcc\obj/example/example_float_math.o
 .comment       0x00000000       0x71 build\gcc\obj/example/example_float_math.o
 .ARM.attributes
                0x00000000       0x39 build\gcc\obj/example/example_float_math.o
 .text          0x00000000        0x0 build\gcc\obj/example/example_gpio.o
 .data          0x00000000        0x0 build\gcc\obj/example/example_gpio.o
 .bss           0x00000000        0x0 build\gcc\obj/example/example_gpio.o
 .debug_line    0x00000000        0x0 build\gcc\obj/example/example_gpio.o
 .debug_str     0x00000000        0x0 build\gcc\obj/example/example_gpio.o
 .comment       0x00000000       0x71 build\gcc\obj/example/example_gpio.o
 .ARM.attributes
                0x00000000       0x39 build\gcc\obj/example/example_gpio.o
 .text          0x00000000        0x0 build\gcc\obj/example/example_iic.o
 .data          0x00000000        0x0 build\gcc\obj/example/example_iic.o
 .bss           0x00000000        0x0 build\gcc\obj/example/example_iic.o
 .debug_line    0x00000000        0x0 build\gcc\obj/example/example_iic.o
 .debug_str     0x00000000        0x0 build\gcc\obj/example/example_iic.o
 .comment       0x00000000       0x71 build\gcc\obj/example/example_iic.o
 .ARM.attributes
                0x00000000       0x39 build\gcc\obj/example/example_iic.o
 .text          0x00000000        0x0 build\gcc\obj/example/example_lwm2m.o
 .data          0x00000000        0x0 build\gcc\obj/example/example_lwm2m.o
 .bss           0x00000000        0x0 build\gcc\obj/example/example_lwm2m.o
 .debug_line    0x00000000        0x0 build\gcc\obj/example/example_lwm2m.o
 .debug_str     0x00000000        0x0 build\gcc\obj/example/example_lwm2m.o
 .comment       0x00000000       0x71 build\gcc\obj/example/example_lwm2m.o
 .ARM.attributes
                0x00000000       0x39 build\gcc\obj/example/example_lwm2m.o
 .text          0x00000000        0x0 build\gcc\obj/example/example_memory.o
 .data          0x00000000        0x0 build\gcc\obj/example/example_memory.o
 .bss           0x00000000        0x0 build\gcc\obj/example/example_memory.o
 .debug_line    0x00000000        0x0 build\gcc\obj/example/example_memory.o
 .debug_str     0x00000000        0x0 build\gcc\obj/example/example_memory.o
 .comment       0x00000000       0x71 build\gcc\obj/example/example_memory.o
 .ARM.attributes
                0x00000000       0x39 build\gcc\obj/example/example_memory.o
 .text          0x00000000        0x0 build\gcc\obj/example/example_mqtt.o
 .data          0x00000000        0x0 build\gcc\obj/example/example_mqtt.o
 .bss           0x00000000        0x0 build\gcc\obj/example/example_mqtt.o
 .debug_line    0x00000000        0x0 build\gcc\obj/example/example_mqtt.o
 .debug_str     0x00000000        0x0 build\gcc\obj/example/example_mqtt.o
 .comment       0x00000000       0x71 build\gcc\obj/example/example_mqtt.o
 .ARM.attributes
                0x00000000       0x39 build\gcc\obj/example/example_mqtt.o
 .text          0x00000000        0x0 build\gcc\obj/example/example_mqtts.o
 .data          0x00000000        0x0 build\gcc\obj/example/example_mqtts.o
 .bss           0x00000000        0x0 build\gcc\obj/example/example_mqtts.o
 .debug_line    0x00000000        0x0 build\gcc\obj/example/example_mqtts.o
 .debug_str     0x00000000        0x0 build\gcc\obj/example/example_mqtts.o
 .comment       0x00000000       0x71 build\gcc\obj/example/example_mqtts.o
 .ARM.attributes
                0x00000000       0x39 build\gcc\obj/example/example_mqtts.o
 .text          0x00000000        0x0 build\gcc\obj/example/example_multitask.o
 .data          0x00000000        0x0 build\gcc\obj/example/example_multitask.o
 .bss           0x00000000        0x0 build\gcc\obj/example/example_multitask.o
 .debug_line    0x00000000        0x0 build\gcc\obj/example/example_multitask.o
 .debug_str     0x00000000        0x0 build\gcc\obj/example/example_multitask.o
 .comment       0x00000000       0x71 build\gcc\obj/example/example_multitask.o
 .ARM.attributes
                0x00000000       0x39 build\gcc\obj/example/example_multitask.o
 .text          0x00000000        0x0 build\gcc\obj/example/example_psm_eint.o
 .data          0x00000000        0x0 build\gcc\obj/example/example_psm_eint.o
 .bss           0x00000000        0x0 build\gcc\obj/example/example_psm_eint.o
 .debug_line    0x00000000        0x0 build\gcc\obj/example/example_psm_eint.o
 .debug_str     0x00000000        0x0 build\gcc\obj/example/example_psm_eint.o
 .comment       0x00000000       0x71 build\gcc\obj/example/example_psm_eint.o
 .ARM.attributes
                0x00000000       0x39 build\gcc\obj/example/example_psm_eint.o
 .text          0x00000000        0x0 build\gcc\obj/example/example_pwm.o
 .data          0x00000000        0x0 build\gcc\obj/example/example_pwm.o
 .bss           0x00000000        0x0 build\gcc\obj/example/example_pwm.o
 .debug_line    0x00000000        0x0 build\gcc\obj/example/example_pwm.o
 .debug_str     0x00000000        0x0 build\gcc\obj/example/example_pwm.o
 .comment       0x00000000       0x71 build\gcc\obj/example/example_pwm.o
 .ARM.attributes
                0x00000000       0x39 build\gcc\obj/example/example_pwm.o
 .text          0x00000000        0x0 build\gcc\obj/example/example_rtc.o
 .data          0x00000000        0x0 build\gcc\obj/example/example_rtc.o
 .bss           0x00000000        0x0 build\gcc\obj/example/example_rtc.o
 .debug_line    0x00000000        0x0 build\gcc\obj/example/example_rtc.o
 .debug_str     0x00000000        0x0 build\gcc\obj/example/example_rtc.o
 .comment       0x00000000       0x71 build\gcc\obj/example/example_rtc.o
 .ARM.attributes
                0x00000000       0x39 build\gcc\obj/example/example_rtc.o
 .text          0x00000000        0x0 build\gcc\obj/example/example_spi.o
 .data          0x00000000        0x0 build\gcc\obj/example/example_spi.o
 .bss           0x00000000        0x0 build\gcc\obj/example/example_spi.o
 .debug_line    0x00000000        0x0 build\gcc\obj/example/example_spi.o
 .debug_str     0x00000000        0x0 build\gcc\obj/example/example_spi.o
 .comment       0x00000000       0x71 build\gcc\obj/example/example_spi.o
 .ARM.attributes
                0x00000000       0x39 build\gcc\obj/example/example_spi.o
 .text          0x00000000        0x0 build\gcc\obj/example/example_ssl.o
 .data          0x00000000        0x0 build\gcc\obj/example/example_ssl.o
 .bss           0x00000000        0x0 build\gcc\obj/example/example_ssl.o
 .debug_line    0x00000000        0x0 build\gcc\obj/example/example_ssl.o
 .debug_str     0x00000000        0x0 build\gcc\obj/example/example_ssl.o
 .comment       0x00000000       0x71 build\gcc\obj/example/example_ssl.o
 .ARM.attributes
                0x00000000       0x39 build\gcc\obj/example/example_ssl.o
 .text          0x00000000        0x0 build\gcc\obj/example/example_system.o
 .data          0x00000000        0x0 build\gcc\obj/example/example_system.o
 .bss           0x00000000        0x0 build\gcc\obj/example/example_system.o
 .debug_line    0x00000000        0x0 build\gcc\obj/example/example_system.o
 .debug_str     0x00000000        0x0 build\gcc\obj/example/example_system.o
 .comment       0x00000000       0x71 build\gcc\obj/example/example_system.o
 .ARM.attributes
                0x00000000       0x39 build\gcc\obj/example/example_system.o
 .text          0x00000000        0x0 build\gcc\obj/example/example_tcpclient.o
 .data          0x00000000        0x0 build\gcc\obj/example/example_tcpclient.o
 .bss           0x00000000        0x0 build\gcc\obj/example/example_tcpclient.o
 .debug_line    0x00000000        0x0 build\gcc\obj/example/example_tcpclient.o
 .debug_str     0x00000000        0x0 build\gcc\obj/example/example_tcpclient.o
 .comment       0x00000000       0x71 build\gcc\obj/example/example_tcpclient.o
 .ARM.attributes
                0x00000000       0x39 build\gcc\obj/example/example_tcpclient.o
 .text          0x00000000        0x0 build\gcc\obj/example/example_tcpclient_api.o
 .data          0x00000000        0x0 build\gcc\obj/example/example_tcpclient_api.o
 .bss           0x00000000        0x0 build\gcc\obj/example/example_tcpclient_api.o
 .debug_line    0x00000000        0x0 build\gcc\obj/example/example_tcpclient_api.o
 .debug_str     0x00000000        0x0 build\gcc\obj/example/example_tcpclient_api.o
 .comment       0x00000000       0x71 build\gcc\obj/example/example_tcpclient_api.o
 .ARM.attributes
                0x00000000       0x39 build\gcc\obj/example/example_tcpclient_api.o
 .text          0x00000000        0x0 build\gcc\obj/example/example_time.o
 .data          0x00000000        0x0 build\gcc\obj/example/example_time.o
 .bss           0x00000000        0x0 build\gcc\obj/example/example_time.o
 .debug_line    0x00000000        0x0 build\gcc\obj/example/example_time.o
 .debug_str     0x00000000        0x0 build\gcc\obj/example/example_time.o
 .comment       0x00000000       0x71 build\gcc\obj/example/example_time.o
 .ARM.attributes
                0x00000000       0x39 build\gcc\obj/example/example_time.o
 .text          0x00000000        0x0 build\gcc\obj/example/example_timer.o
 .data          0x00000000        0x0 build\gcc\obj/example/example_timer.o
 .bss           0x00000000        0x0 build\gcc\obj/example/example_timer.o
 .debug_line    0x00000000        0x0 build\gcc\obj/example/example_timer.o
 .debug_str     0x00000000        0x0 build\gcc\obj/example/example_timer.o
 .comment       0x00000000       0x71 build\gcc\obj/example/example_timer.o
 .ARM.attributes
                0x00000000       0x39 build\gcc\obj/example/example_timer.o
 .text          0x00000000        0x0 build\gcc\obj/example/example_udpclient.o
 .data          0x00000000        0x0 build\gcc\obj/example/example_udpclient.o
 .bss           0x00000000        0x0 build\gcc\obj/example/example_udpclient.o
 .debug_line    0x00000000        0x0 build\gcc\obj/example/example_udpclient.o
 .debug_str     0x00000000        0x0 build\gcc\obj/example/example_udpclient.o
 .comment       0x00000000       0x71 build\gcc\obj/example/example_udpclient.o
 .ARM.attributes
                0x00000000       0x39 build\gcc\obj/example/example_udpclient.o
 .text          0x00000000        0x0 build\gcc\obj/example/example_udpclient_api.o
 .data          0x00000000        0x0 build\gcc\obj/example/example_udpclient_api.o
 .bss           0x00000000        0x0 build\gcc\obj/example/example_udpclient_api.o
 .debug_line    0x00000000        0x0 build\gcc\obj/example/example_udpclient_api.o
 .debug_str     0x00000000        0x0 build\gcc\obj/example/example_udpclient_api.o
 .comment       0x00000000       0x71 build\gcc\obj/example/example_udpclient_api.o
 .ARM.attributes
                0x00000000       0x39 build\gcc\obj/example/example_udpclient_api.o
 .text          0x00000000        0x0 build\gcc\obj/example/example_watchdog.o
 .data          0x00000000        0x0 build\gcc\obj/example/example_watchdog.o
 .bss           0x00000000        0x0 build\gcc\obj/example/example_watchdog.o
 .debug_line    0x00000000        0x0 build\gcc\obj/example/example_watchdog.o
 .debug_str     0x00000000        0x0 build\gcc\obj/example/example_watchdog.o
 .comment       0x00000000       0x71 build\gcc\obj/example/example_watchdog.o
 .ARM.attributes
                0x00000000       0x39 build\gcc\obj/example/example_watchdog.o
 .text          0x00000000        0x0 build\gcc\obj/example/utility.o
 .data          0x00000000        0x0 build\gcc\obj/example/utility.o
 .bss           0x00000000        0x0 build\gcc\obj/example/utility.o
 .text.Analyse_Command
                0x00000000       0xec build\gcc\obj/example/utility.o
 .rodata.str1.1
                0x00000000        0xb build\gcc\obj/example/utility.o
 .debug_info    0x00000000      0x28e build\gcc\obj/example/utility.o
 .debug_abbrev  0x00000000      0x154 build\gcc\obj/example/utility.o
 .debug_loc     0x00000000      0x2e4 build\gcc\obj/example/utility.o
 .debug_aranges
                0x00000000       0x20 build\gcc\obj/example/utility.o
 .debug_ranges  0x00000000       0x10 build\gcc\obj/example/utility.o
 .debug_line    0x00000000       0x89 build\gcc\obj/example/utility.o
 .debug_str     0x00000000      0x26c build\gcc\obj/example/utility.o
 .comment       0x00000000       0x71 build\gcc\obj/example/utility.o
 .ARM.attributes
                0x00000000       0x39 build\gcc\obj/example/utility.o
 .debug_frame   0x00000000       0x3c build\gcc\obj/example/utility.o
 .text          0x00000000        0x0 build\gcc\obj/custom/main.o
 .data          0x00000000        0x0 build\gcc\obj/custom/main.o
 .bss           0x00000000        0x0 build\gcc\obj/custom/main.o
 .text          0x00000000        0x0 libs/gcc/app_start.lib(memory.o)
 .data          0x00000000        0x0 libs/gcc/app_start.lib(memory.o)
 .bss           0x00000000        0x0 libs/gcc/app_start.lib(memory.o)
 .text          0x00000000        0x0 libs/gcc/app_start.lib(ql_func.o)
 .data          0x00000000        0x0 libs/gcc/app_start.lib(ql_func.o)
 .bss           0x00000000        0x0 libs/gcc/app_start.lib(ql_func.o)
 .text          0x00000000        0x0 libs/gcc/app_start.lib(ql_main.o)
 .data          0x00000000        0x0 libs/gcc/app_start.lib(ql_main.o)
 .bss           0x00000000        0x0 libs/gcc/app_start.lib(ql_main.o)
 .text          0x00000000        0x0 libs/gcc/app_start.lib(ril_aux.o)
 .data          0x00000000        0x0 libs/gcc/app_start.lib(ril_aux.o)
 .bss           0x00000000        0x0 libs/gcc/app_start.lib(ril_aux.o)
 .text          0x00000000        0x0 libs/gcc/app_start.lib(ril_main.o)
 .data          0x00000000        0x0 libs/gcc/app_start.lib(ril_main.o)
 .bss           0x00000000        0x0 libs/gcc/app_start.lib(ril_main.o)
 .text.get_ril_init_status
                0x00000000        0xc libs/gcc/app_start.lib(ril_main.o)
 .text          0x00000000        0x0 libs/gcc/app_start.lib(stdlib_func.o)
 .data          0x00000000        0x0 libs/gcc/app_start.lib(stdlib_func.o)
 .bss           0x00000000        0x0 libs/gcc/app_start.lib(stdlib_func.o)
 .text.Ql_create_api_hash
                0x00000000       0x18 libs/gcc/app_start.lib(stdlib_func.o)
 .text.Ql_ui64toa
                0x00000000       0x60 libs/gcc/app_start.lib(stdlib_func.o)
 .text.Ql_itoa  0x00000000       0x58 libs/gcc/app_start.lib(stdlib_func.o)
 .text.Ql_atof  0x00000000       0x60 libs/gcc/app_start.lib(stdlib_func.o)
 .text.Ql_strcpy
                0x00000000       0x58 libs/gcc/app_start.lib(stdlib_func.o)
 .text.Ql_strcat
                0x00000000       0x48 libs/gcc/app_start.lib(stdlib_func.o)
 .text.Ql_strncat
                0x00000000       0x50 libs/gcc/app_start.lib(stdlib_func.o)
 .text.Ql_strcmp
                0x00000000       0x38 libs/gcc/app_start.lib(stdlib_func.o)
 .text.Ql_memmove
                0x00000000       0x50 libs/gcc/app_start.lib(stdlib_func.o)
 .text.Ql_strchr
                0x00000000       0x48 libs/gcc/app_start.lib(stdlib_func.o)
 .text.Ql_vsprintf
                0x00000000       0x50 libs/gcc/app_start.lib(stdlib_func.o)
 .text.Ql_vsnprintf
                0x00000000       0x54 libs/gcc/app_start.lib(stdlib_func.o)
 .text.Ql_tolower
                0x00000000        0x4 libs/gcc/app_start.lib(stdlib_func.o)
 .text.Ql_isdigit
                0x00000000        0xc libs/gcc/app_start.lib(stdlib_func.o)
 .bss.m_memmove
                0x00000000        0x4 libs/gcc/app_start.lib(stdlib_func.o)
 .bss.m_strcpy  0x00000000        0x4 libs/gcc/app_start.lib(stdlib_func.o)
 .bss.m_atof    0x00000000        0x4 libs/gcc/app_start.lib(stdlib_func.o)
 .bss.m_strcmp  0x00000000        0x4 libs/gcc/app_start.lib(stdlib_func.o)
 .bss.m_strncat
                0x00000000        0x4 libs/gcc/app_start.lib(stdlib_func.o)
 .bss.m_itoa    0x00000000        0x4 libs/gcc/app_start.lib(stdlib_func.o)
 .bss.m_vsnprintf
                0x00000000        0x4 libs/gcc/app_start.lib(stdlib_func.o)
 .bss.m_strcat  0x00000000        0x4 libs/gcc/app_start.lib(stdlib_func.o)
 .bss.m_vsprintf
                0x00000000        0x4 libs/gcc/app_start.lib(stdlib_func.o)
 .bss.m_strchr  0x00000000        0x4 libs/gcc/app_start.lib(stdlib_func.o)
 .bss.m_ui64toa
                0x00000000        0x4 libs/gcc/app_start.lib(stdlib_func.o)
 .text          0x00000000        0x0 libs/gcc/app_start.lib(system.o)
 .data          0x00000000        0x0 libs/gcc/app_start.lib(system.o)
 .bss           0x00000000        0x0 libs/gcc/app_start.lib(system.o)
 .text.Ql_Sleep
                0x00000000       0x2c libs/gcc/app_start.lib(system.o)
 .text.Ql_Delay_us
                0x00000000       0x2c libs/gcc/app_start.lib(system.o)
 .text.Ql_Reset
                0x00000000       0x2c libs/gcc/app_start.lib(system.o)
 .text.Ql_RIL_WriteDataToCore
                0x00000000       0x30 libs/gcc/app_start.lib(system.o)
 .text.Ql_GetSDKVer_Sub
                0x00000000       0x38 libs/gcc/app_start.lib(system.o)
 .text.Ql_Delay_ms
                0x00000000        0xc libs/gcc/app_start.lib(system.o)
 .bss.m_Sleep   0x00000000        0x4 libs/gcc/app_start.lib(system.o)
 .bss.m_Reset   0x00000000        0x4 libs/gcc/app_start.lib(system.o)
 .bss.m_Ql_RIL_WriteDataToCore
                0x00000000        0x4 libs/gcc/app_start.lib(system.o)
 .bss.m_Delay_us
                0x00000000        0x4 libs/gcc/app_start.lib(system.o)
 .text          0x00000000        0x0 libs/gcc/app_start.lib(taskMngt.o)
 .data          0x00000000        0x0 libs/gcc/app_start.lib(taskMngt.o)
 .bss           0x00000000        0x0 libs/gcc/app_start.lib(taskMngt.o)
 .text.Ql_OS_SendMessageFromISR
                0x00000000       0x44 libs/gcc/app_start.lib(taskMngt.o)
 .text.Ql_OS_TakeMutexFromISR
                0x00000000       0x2c libs/gcc/app_start.lib(taskMngt.o)
 .text.Ql_OS_GiveMutexFromISR
                0x00000000       0x2c libs/gcc/app_start.lib(taskMngt.o)
 .text.Ql_OS_DeleteMutex
                0x00000000       0x2c libs/gcc/app_start.lib(taskMngt.o)
 .text.Ql_OS_CreateSemaphore
                0x00000000       0x30 libs/gcc/app_start.lib(taskMngt.o)
 .text.Ql_OS_TakeSemaphore
                0x00000000       0x30 libs/gcc/app_start.lib(taskMngt.o)
 .text.Ql_OS_GiveSemaphore
                0x00000000       0x2c libs/gcc/app_start.lib(taskMngt.o)
 .text.Ql_OS_TakeSemaphoreFromISR
                0x00000000       0x2c libs/gcc/app_start.lib(taskMngt.o)
 .text.Ql_OS_GiveSemaphoreFromISR
                0x00000000       0x2c libs/gcc/app_start.lib(taskMngt.o)
 .text.Ql_OS_DeleteSemaphore
                0x00000000       0x2c libs/gcc/app_start.lib(taskMngt.o)
 .text.Ql_OS_WaitEventFromISR
                0x00000000       0x30 libs/gcc/app_start.lib(taskMngt.o)
 .text.Ql_OS_SetEventFromISR
                0x00000000       0x38 libs/gcc/app_start.lib(taskMngt.o)
 .text.Ql_OS_DeleteEvent
                0x00000000       0x2c libs/gcc/app_start.lib(taskMngt.o)
 .text.Ql_OS_GetCurrentTaskHandle
                0x00000000       0x28 libs/gcc/app_start.lib(taskMngt.o)
 .text.Ql_OS_TaskSuspend
                0x00000000       0x2c libs/gcc/app_start.lib(taskMngt.o)
 .text.Ql_OS_TaskResume
                0x00000000       0x2c libs/gcc/app_start.lib(taskMngt.o)
 .text.Ql_OS_TaskResumeFromISR
                0x00000000       0x2c libs/gcc/app_start.lib(taskMngt.o)
 .text.Ql_OS_TaskSuspendAll
                0x00000000       0x28 libs/gcc/app_start.lib(taskMngt.o)
 .text.Ql_OS_TaskResumeAll
                0x00000000       0x28 libs/gcc/app_start.lib(taskMngt.o)
 .text.Ql_OS_GetActiveTaskId
                0x00000000       0x30 libs/gcc/app_start.lib(taskMngt.o)
 .text.Ql_OS_GetTaskTickCount
                0x00000000       0x30 libs/gcc/app_start.lib(taskMngt.o)
 .text.Ql_OS_GetTaskTickCountFromISR
                0x00000000       0x30 libs/gcc/app_start.lib(taskMngt.o)
 .text.Ql_SetLastErrorCode
                0x00000000       0x34 libs/gcc/app_start.lib(taskMngt.o)
 .text.Ql_GetLastErrorCode
                0x00000000       0x30 libs/gcc/app_start.lib(taskMngt.o)
 .text.Ql_OS_GetCurrentTaskPriority
                0x00000000       0x28 libs/gcc/app_start.lib(taskMngt.o)
 .text.Ql_OS_GetCurrenTaskLeftStackSize
                0x00000000       0x28 libs/gcc/app_start.lib(taskMngt.o)
 .text.Ql_SecureData_Store
                0x00000000       0x34 libs/gcc/app_start.lib(taskMngt.o)
 .text.Ql_SecureData_Read
                0x00000000       0x34 libs/gcc/app_start.lib(taskMngt.o)
 .bss.m_OS_TaskResumeFromISR
                0x00000000        0x4 libs/gcc/app_start.lib(taskMngt.o)
 .bss.m_OS_CreateSemaphore
                0x00000000        0x4 libs/gcc/app_start.lib(taskMngt.o)
 .bss.m_OS_GetCurrentTaskHandle
                0x00000000        0x4 libs/gcc/app_start.lib(taskMngt.o)
 .bss.m_OS_GiveMutex_FromISR
                0x00000000        0x4 libs/gcc/app_start.lib(taskMngt.o)
 .bss.m_OS_GetTaskTickCountFromISR
                0x00000000        0x4 libs/gcc/app_start.lib(taskMngt.o)
 .bss.m_OS_DeleteEvent
                0x00000000        0x4 libs/gcc/app_start.lib(taskMngt.o)
 .bss.m_OS_WaitEventFromISR
                0x00000000        0x4 libs/gcc/app_start.lib(taskMngt.o)
 .bss.m_Ql_SecureData_Read
                0x00000000        0x4 libs/gcc/app_start.lib(taskMngt.o)
 .bss.m_OS_TaskSuspendAll
                0x00000000        0x4 libs/gcc/app_start.lib(taskMngt.o)
 .bss.m_OS_GetActiveTaskId
                0x00000000        0x4 libs/gcc/app_start.lib(taskMngt.o)
 .bss.m_Ql_SecureData_Store
                0x00000000        0x4 libs/gcc/app_start.lib(taskMngt.o)
 .bss.m_OS_TakeSemaphore_FromISR
                0x00000000        0x4 libs/gcc/app_start.lib(taskMngt.o)
 .bss.m_OS_DeleteSemaphore
                0x00000000        0x4 libs/gcc/app_start.lib(taskMngt.o)
 .bss.m_OS_SendMessageFromISR
                0x00000000        0x4 libs/gcc/app_start.lib(taskMngt.o)
 .bss.m_OS_GetCurrenTaskLeftStackSize
                0x00000000        0x4 libs/gcc/app_start.lib(taskMngt.o)
 .bss.m_OS_TakeSemaphore
                0x00000000        0x4 libs/gcc/app_start.lib(taskMngt.o)
 .bss.m_OS_GiveSemaphore
                0x00000000        0x4 libs/gcc/app_start.lib(taskMngt.o)
 .bss.m_OS_DeleteMutex
                0x00000000        0x4 libs/gcc/app_start.lib(taskMngt.o)
 .bss.m_OS_TaskResumeAll
                0x00000000        0x4 libs/gcc/app_start.lib(taskMngt.o)
 .bss.m_GetLastErrorCode
                0x00000000        0x4 libs/gcc/app_start.lib(taskMngt.o)
 .bss.m_SetLastErrorCode
                0x00000000        0x4 libs/gcc/app_start.lib(taskMngt.o)
 .bss.m_OS_GetCurrentTaskPriority
                0x00000000        0x4 libs/gcc/app_start.lib(taskMngt.o)
 .bss.m_OS_TaskSuspend
                0x00000000        0x4 libs/gcc/app_start.lib(taskMngt.o)
 .bss.m_OS_TakeMutex_FromISR
                0x00000000        0x4 libs/gcc/app_start.lib(taskMngt.o)
 .bss.m_OS_SetEventFromISR
                0x00000000        0x4 libs/gcc/app_start.lib(taskMngt.o)
 .bss.m_OS_TaskResume
                0x00000000        0x4 libs/gcc/app_start.lib(taskMngt.o)
 .bss.m_OS_GetTaskTickCount
                0x00000000        0x4 libs/gcc/app_start.lib(taskMngt.o)
 .bss.m_OS_GiveSemaphore_FromISR
                0x00000000        0x4 libs/gcc/app_start.lib(taskMngt.o)
 .text          0x00000000        0x0 libs/gcc/app_start.lib(timer.o)
 .data          0x00000000        0x0 libs/gcc/app_start.lib(timer.o)
 .bss           0x00000000        0x0 libs/gcc/app_start.lib(timer.o)
 .text.Ql_Timer_RegisterFast
                0x00000000       0x3c libs/gcc/app_start.lib(timer.o)
 .text.Ql_Timer_Delete
                0x00000000       0x34 libs/gcc/app_start.lib(timer.o)
 .text.Ql_Timer_Register_us
                0x00000000       0x3c libs/gcc/app_start.lib(timer.o)
 .text.Ql_Timer_Start_us
                0x00000000       0x3c libs/gcc/app_start.lib(timer.o)
 .text.Ql_Timer_Stop_us
                0x00000000       0x34 libs/gcc/app_start.lib(timer.o)
 .text.Ql_Timer_Delete_us
                0x00000000       0x34 libs/gcc/app_start.lib(timer.o)
 .bss.m_Timer_Register_us
                0x00000000        0x4 libs/gcc/app_start.lib(timer.o)
 .bss.m_Timer_Delete_us
                0x00000000        0x4 libs/gcc/app_start.lib(timer.o)
 .bss.m_Timer_Stop_us
                0x00000000        0x4 libs/gcc/app_start.lib(timer.o)
 .bss.m_Timer_Start_us
                0x00000000        0x4 libs/gcc/app_start.lib(timer.o)
 .bss.m_Timer_RegisterFast
                0x00000000        0x4 libs/gcc/app_start.lib(timer.o)
 .bss.m_Timer_Delete
                0x00000000        0x4 libs/gcc/app_start.lib(timer.o)
 .text          0x00000000        0x0 libs/gcc/app_start.lib(uart.o)
 .data          0x00000000        0x0 libs/gcc/app_start.lib(uart.o)
 .bss           0x00000000        0x0 libs/gcc/app_start.lib(uart.o)
 .text.Ql_UART_OpenEx
                0x00000000       0x38 libs/gcc/app_start.lib(uart.o)
 .text.Ql_UART_Close
                0x00000000       0x2c libs/gcc/app_start.lib(uart.o)
 .text.Ql_UART_GetOption
                0x00000000       0x38 libs/gcc/app_start.lib(uart.o)
 .text.Ql_RS485_Open
                0x00000000       0x3c libs/gcc/app_start.lib(uart.o)
 .text.Ql_RS485_Close
                0x00000000       0x38 libs/gcc/app_start.lib(uart.o)
 .bss.m_Ql_UART_Close
                0x00000000        0x4 libs/gcc/app_start.lib(uart.o)
 .bss.m_Ql_UART_GetOption
                0x00000000        0x4 libs/gcc/app_start.lib(uart.o)
 .bss.m_Ql_RS485_Open
                0x00000000        0x4 libs/gcc/app_start.lib(uart.o)
 .bss.m_Ql_UART_OpenEx
                0x00000000        0x4 libs/gcc/app_start.lib(uart.o)
 .bss.m_Ql_RS485_Close
                0x00000000        0x4 libs/gcc/app_start.lib(uart.o)
 .data          0x00000000        0x0 libs/gcc/app_start.lib(ocpu_init.o)
 .bss           0x00000000        0x0 libs/gcc/app_start.lib(ocpu_init.o)
 .text          0x00000000        0x0 libs/gcc/app_start.lib(ql_urc_register.o)
 .data          0x00000000        0x0 libs/gcc/app_start.lib(ql_urc_register.o)
 .bss           0x00000000        0x0 libs/gcc/app_start.lib(ql_urc_register.o)
 .text.Ql_Mqtt_Recv_Register
                0x00000000       0x14 libs/gcc/app_start.lib(ql_urc_register.o)
 .text.Ql_Lwm2m_Write_Req_Register
                0x00000000       0x14 libs/gcc/app_start.lib(ql_urc_register.o)
 .text.Ql_Socket_Recv_Register
                0x00000000       0x18 libs/gcc/app_start.lib(ql_urc_register.o)
 .text.Ql_SSL_Recv_Register
                0x00000000       0x18 libs/gcc/app_start.lib(ql_urc_register.o)
 .text          0x00000000        0x0 tools\gcc\win\gcc-arm-none-eabi/arm-none-eabi/lib/armv7e-m/fpu/libc.a(lib_a-memset.o)
 .data          0x00000000        0x0 tools\gcc\win\gcc-arm-none-eabi/arm-none-eabi/lib/armv7e-m/fpu/libc.a(lib_a-memset.o)
 .bss           0x00000000        0x0 tools\gcc\win\gcc-arm-none-eabi/arm-none-eabi/lib/armv7e-m/fpu/libc.a(lib_a-memset.o)

Memory Configuration

Name             Origin             Length             Attributes
ROM              0x08292040         0x00032000         xr
RAM              0x001e7000         0x00019000         xrw
*default*        0x00000000         0xffffffff

Linker script and memory map

                0x08292040                . = 0x8292040

.initdata       0x08292040       0x2c
                0x08292040                . = ALIGN (0x4)
 *(.initdata)
 .initdata      0x08292040       0x2c libs/gcc/app_start.lib(ql_main.o)
                0x08292040                GADLENTRY

text            0x0829206c     0x2a40
                0x0829206c                . = ALIGN (0x4)
 *(.text.*)
 .text.Ql_RIL_AT_SetErrCode
                0x0829206c        0xc build\gcc\obj/ril/src/ril_atResponse.o
                0x0829206c                Ql_RIL_AT_SetErrCode
 .text.Default_atRsp_callback
                0x08292078       0x98 build\gcc\obj/ril/src/ril_atResponse.o
                0x08292078                Default_atRsp_callback
 .text.DFOTA_Analysis
                0x08292110       0xf0 build\gcc\obj/ril/src/ril_dfota.o
                0x08292110                DFOTA_Analysis
 .text.Dfota_Upgrade_States
                0x08292200       0xf8 build\gcc\obj/ril/src/ril_dfota.o
                0x08292200                Dfota_Upgrade_States
 .text.RIL_GetInitCmdCnt
                0x082922f8        0x4 build\gcc\obj/ril/src/ril_init.o
                0x082922f8                RIL_GetInitCmdCnt
 .text.RIL_GetLimitedCmdCnt
                0x082922fc        0x4 build\gcc\obj/ril/src/ril_init.o
                0x082922fc                RIL_GetLimitedCmdCnt
 .text.RIL_SIM_GetSimStateByName
                0x08292300       0xc8 build\gcc\obj/ril/src/ril_sim.o
                0x08292300                RIL_SIM_GetSimStateByName
 .text.QSDK_Get_Str
                0x082923c8       0x78 build\gcc\obj/ril/src/ril_system.o
                0x082923c8                QSDK_Get_Str
 .text.OnURCHandler_SSL_URC
                0x08292440       0xb4 build\gcc\obj/ril/src/ril_urc.o
 .text.OnURCHandler_SSL_CLOSE
                0x082924f4       0x9c build\gcc\obj/ril/src/ril_urc.o
 .text.OnURCHandler_SSL_OPEN
                0x08292590       0x9c build\gcc\obj/ril/src/ril_urc.o
 .text.OnURCHandler_LwM2M_NOTIFY
                0x0829262c       0x68 build\gcc\obj/ril/src/ril_urc.o
 .text.OnURCHandler_LwM2M_EXECUTE
                0x08292694       0x68 build\gcc\obj/ril/src/ril_urc.o
 .text.OnURCHandler_LwM2M_WRITE
                0x082926fc       0x68 build\gcc\obj/ril/src/ril_urc.o
 .text.OnURCHandler_LwM2M_READ
                0x08292764       0x68 build\gcc\obj/ril/src/ril_urc.o
 .text.OnURCHandler_LwM2M_OBSERVE
                0x082927cc       0x68 build\gcc\obj/ril/src/ril_urc.o
 .text.OnURCHandler_LwM2M_URC
                0x08292834      0x380 build\gcc\obj/ril/src/ril_urc.o
 .text.OnURCHandler_LwM2M_DEREG
                0x08292bb4       0x60 build\gcc\obj/ril/src/ril_urc.o
 .text.OnURCHandler_LwM2M_UPDATE
                0x08292c14       0x9c build\gcc\obj/ril/src/ril_urc.o
 .text.OnURCHandler_LwM2M_REG
                0x08292cb0       0x60 build\gcc\obj/ril/src/ril_urc.o
 .text.OnURCHandler_MQTT_DISC
                0x08292d10       0xac build\gcc\obj/ril/src/ril_urc.o
 .text.OnURCHandler_MQTT_CLOSE
                0x08292dbc       0xac build\gcc\obj/ril/src/ril_urc.o
 .text.OnURCHandler_MQTT_STATE
                0x08292e68       0x94 build\gcc\obj/ril/src/ril_urc.o
 .text.OnURCHandler_MQTT_TUNS
                0x08292efc       0xac build\gcc\obj/ril/src/ril_urc.o
 .text.OnURCHandler_MQTT_PUB
                0x08292fa8       0xcc build\gcc\obj/ril/src/ril_urc.o
 .text.OnURCHandler_MQTT_SUB
                0x08293074       0xe8 build\gcc\obj/ril/src/ril_urc.o
 .text.OnURCHandler_MQTT_CONN
                0x0829315c       0xb8 build\gcc\obj/ril/src/ril_urc.o
 .text.OnURCHandler_MQTT_OPEN
                0x08293214       0x94 build\gcc\obj/ril/src/ril_urc.o
 .text.OnURCHandler_QIURC_OPEN
                0x082932a8       0x94 build\gcc\obj/ril/src/ril_urc.o
 .text.OnURCHandler_SOCKET_QIURC
                0x0829333c       0xa8 build\gcc\obj/ril/src/ril_urc.o
 .text.OnURCHandler_NbiotEvent
                0x082933e4       0x3c build\gcc\obj/ril/src/ril_urc.o
 .text.OnURCHandler_DFOTA_Hander
                0x08293420       0x3c build\gcc\obj/ril/src/ril_urc.o
 .text.OnURCHandler_CFUN
                0x0829345c       0x70 build\gcc\obj/ril/src/ril_urc.o
 .text.OnURCHandler_Network
                0x082934cc       0x80 build\gcc\obj/ril/src/ril_urc.o
 .text.OnURCHandler_SIM
                0x0829354c       0x90 build\gcc\obj/ril/src/ril_urc.o
 .text.OnURCHandler
                0x082935dc       0x70 build\gcc\obj/ril/src/ril_urc.o
                0x082935dc                OnURCHandler
 .text.Ql_RIL_IsURCStr
                0x0829364c       0x40 build\gcc\obj/ril/src/ril_urc.o
                0x0829364c                Ql_RIL_IsURCStr
 .text.Ql_StrPrefixMatch
                0x0829368c       0x28 build\gcc\obj/ril/src/ril_util.o
                0x0829368c                Ql_StrPrefixMatch
 .text.Ql_StrToUpper
                0x082936b4       0x28 build\gcc\obj/ril/src/ril_util.o
                0x082936b4                Ql_StrToUpper
 .text.Ql_RIL_FindString
                0x082936dc       0x50 build\gcc\obj/ril/src/ril_util.o
                0x082936dc                Ql_RIL_FindString
 .text.Ql_RIL_FindLine
                0x0829372c      0x154 build\gcc\obj/ril/src/ril_util.o
                0x0829372c                Ql_RIL_FindLine
 .text.ATResponse_Handler
                0x08293880       0x98 build\gcc\obj/custom/main.o
 .text.CallBack_UART_Hdlr
                0x08293918       0xe8 build\gcc\obj/custom/main.o
 .text.proc_main_task
                0x08293a00      0x154 build\gcc\obj/custom/main.o
                0x08293a00                proc_main_task
 .text.Ql_MEM_Alloc
                0x08293b54       0x2c libs/gcc/app_start.lib(memory.o)
                0x08293b54                Ql_MEM_Alloc
 .text.Ql_MEM_Free
                0x08293b80       0x2c libs/gcc/app_start.lib(memory.o)
                0x08293b80                Ql_MEM_Free
 .text.ql_InitVFunc
                0x08293bac       0x7c libs/gcc/app_start.lib(ql_main.o)
                0x08293bac                ql_InitVFunc
 .text.ocpu_main
                0x08293c28       0x68 libs/gcc/app_start.lib(ql_main.o)
                0x08293c28                ocpu_main
 .text.proc_reserved2
                0x08293c90       0x58 libs/gcc/app_start.lib(ril_aux.o)
                0x08293c90                proc_reserved2
 .text.ril_StopATTimer
                0x08293ce8       0x1c libs/gcc/app_start.lib(ril_main.o)
 .text.Callback_OnATTimer
                0x08293d04       0x34 libs/gcc/app_start.lib(ril_main.o)
 .text.Ql_RIL_Initialize
                0x08293d38       0x9c libs/gcc/app_start.lib(ril_main.o)
                0x08293d38                Ql_RIL_Initialize
 .text.Ql_RIL_SendATCmd
                0x08293dd4      0x1c8 libs/gcc/app_start.lib(ril_main.o)
                0x08293dd4                Ql_RIL_SendATCmd
 .text.str_seacher_with
                0x08293f9c       0x58 libs/gcc/app_start.lib(ril_main.o)
                0x08293f9c                str_seacher_with
 .text.proc_reserved1
                0x08293ff4      0x358 libs/gcc/app_start.lib(ril_main.o)
                0x08293ff4                proc_reserved1
 .text.Ql_strncpy
                0x0829434c       0x50 libs/gcc/app_start.lib(stdlib_func.o)
                0x0829434c                Ql_strncpy
 .text.Ql_strlen
                0x0829439c       0x44 libs/gcc/app_start.lib(stdlib_func.o)
                0x0829439c                Ql_strlen
 .text.Ql_strncmp
                0x082943e0       0x3c libs/gcc/app_start.lib(stdlib_func.o)
                0x082943e0                Ql_strncmp
 .text.Ql_memset
                0x0829441c       0x50 libs/gcc/app_start.lib(stdlib_func.o)
                0x0829441c                Ql_memset
 .text.Ql_memcpy
                0x0829446c       0x50 libs/gcc/app_start.lib(stdlib_func.o)
                0x0829446c                Ql_memcpy
 .text.Ql_memcmp
                0x082944bc       0x3c libs/gcc/app_start.lib(stdlib_func.o)
                0x082944bc                Ql_memcmp
 .text.Ql_strstr
                0x082944f8       0x48 libs/gcc/app_start.lib(stdlib_func.o)
                0x082944f8                Ql_strstr
 .text.Ql_toupper
                0x08294540        0x4 libs/gcc/app_start.lib(stdlib_func.o)
                0x08294540                Ql_toupper
 .text.Ql_atoi  0x08294544       0x4e libs/gcc/app_start.lib(stdlib_func.o)
                0x08294544                Ql_atoi
 *fill*         0x08294592        0x2 
 .text.Ql_GetvFunc_Init_Status
                0x08294594       0x28 libs/gcc/app_start.lib(system.o)
                0x08294594                Ql_GetvFunc_Init_Status
 .text.Ql_GetSDKVer
                0x082945bc       0x38 libs/gcc/app_start.lib(system.o)
                0x082945bc                Ql_GetSDKVer
 .text.Ql_OS_GetMessage
                0x082945f4       0x34 libs/gcc/app_start.lib(taskMngt.o)
                0x082945f4                Ql_OS_GetMessage
 .text.Ql_OS_SendMessage
                0x08294628       0x44 libs/gcc/app_start.lib(taskMngt.o)
                0x08294628                Ql_OS_SendMessage
 .text.Ql_OS_CreateMutex
                0x0829466c       0x28 libs/gcc/app_start.lib(taskMngt.o)
                0x0829466c                Ql_OS_CreateMutex
 .text.Ql_OS_TakeMutex
                0x08294694       0x30 libs/gcc/app_start.lib(taskMngt.o)
                0x08294694                Ql_OS_TakeMutex
 .text.Ql_OS_GiveMutex
                0x082946c4       0x2c libs/gcc/app_start.lib(taskMngt.o)
                0x082946c4                Ql_OS_GiveMutex
 .text.Ql_OS_CreateEvent
                0x082946f0       0x28 libs/gcc/app_start.lib(taskMngt.o)
                0x082946f0                Ql_OS_CreateEvent
 .text.Ql_OS_WaitEvent
                0x08294718       0x3c libs/gcc/app_start.lib(taskMngt.o)
                0x08294718                Ql_OS_WaitEvent
 .text.Ql_OS_SetEvent
                0x08294754       0x38 libs/gcc/app_start.lib(taskMngt.o)
                0x08294754                Ql_OS_SetEvent
 .text.Ql_ril_request_command
                0x0829478c       0x34 libs/gcc/app_start.lib(taskMngt.o)
                0x0829478c                Ql_ril_request_command
 .text.Ql_Timer_Register
                0x082947c0       0x3c libs/gcc/app_start.lib(timer.o)
                0x082947c0                Ql_Timer_Register
 .text.Ql_Timer_Start
                0x082947fc       0x3c libs/gcc/app_start.lib(timer.o)
                0x082947fc                Ql_Timer_Start
 .text.Ql_Timer_Stop
                0x08294838       0x34 libs/gcc/app_start.lib(timer.o)
                0x08294838                Ql_Timer_Stop
 .text.Ql_UART_Register
                0x0829486c       0x3c libs/gcc/app_start.lib(uart.o)
                0x0829486c                Ql_UART_Register
 .text.Ql_UART_Open
                0x082948a8       0x3c libs/gcc/app_start.lib(uart.o)
                0x082948a8                Ql_UART_Open
 .text.Ql_UART_Write
                0x082948e4       0x3c libs/gcc/app_start.lib(uart.o)
                0x082948e4                Ql_UART_Write
 .text.Ql_UART_Read
                0x08294920       0x3c libs/gcc/app_start.lib(uart.o)
                0x08294920                Ql_UART_Read
 .text.Ql_RIL_Protocol_Handle
                0x0829495c       0x3c libs/gcc/app_start.lib(ql_urc_register.o)
                0x0829495c                Ql_RIL_Protocol_Handle
 .text.Ql_RIL_ISProtocol_Handle
                0x08294998       0x34 libs/gcc/app_start.lib(ql_urc_register.o)
                0x08294998                Ql_RIL_ISProtocol_Handle
 .text.memset   0x082949cc       0x94 tools\gcc\win\gcc-arm-none-eabi/arm-none-eabi/lib/armv7e-m/fpu/libc.a(lib_a-memset.o)
                0x082949cc                memset
 *(.text)
 .text          0x08294a60       0x4c libs/gcc/app_start.lib(ocpu_init.o)
                0x08294a74                _OCPU_InitUserMem

.glue_7         0x08294aac        0x0
 .glue_7        0x00000000        0x0 linker stubs

.glue_7t        0x08294aac        0x0
 .glue_7t       0x00000000        0x0 linker stubs

.vfp11_veneer   0x08294aac        0x0
 .vfp11_veneer  0x00000000        0x0 linker stubs

.v4_bx          0x08294aac        0x0
 .v4_bx         0x00000000        0x0 linker stubs

.iplt           0x08294aac        0x0
 .iplt          0x00000000        0x0 build\gcc\obj/custom/config/custom_sys_cfg.o

.rodata         0x08294aac       0x32
                0x08294aac                . = ALIGN (0x4)
 *(.rodata)
 .rodata        0x08294aac       0x16 libs/gcc/app_start.lib(ql_main.o)
 .rodata        0x08294ac2       0x1c libs/gcc/app_start.lib(system.o)
                0x08295c98                __data_load = LOADADDR (.data)

.rodata.appvercfg
                0x08294ade       0x32
 .rodata.appvercfg
                0x08294ade       0x32 build\gcc\obj/custom/config/custom_sys_cfg.o

.rodata.wtdCfg  0x08294b10        0x2
 .rodata.wtdCfg
                0x08294b10        0x2 build\gcc\obj/custom/config/custom_sys_cfg.o

.rodata.appEnableCfg
                0x08294b14        0x4
 .rodata.appEnableCfg
                0x08294b14        0x4 build\gcc\obj/custom/config/custom_sys_cfg.o

.rodata.debugPortCfg
                0x08294b18        0x1
 .rodata.debugPortCfg
                0x08294b18        0x1 build\gcc\obj/custom/config/custom_sys_cfg.o

.rodata.debugPortSet
                0x08294b19        0x2
 .rodata.debugPortSet
                0x08294b19        0x2 build\gcc\obj/custom/config/custom_sys_cfg.o

.rodata.SystemCfg
                0x08294b1c       0x48
 .rodata.SystemCfg
                0x08294b1c       0x48 build\gcc\obj/custom/config/custom_sys_cfg.o
                0x08294b1c                SystemCfg

.rodata.GpioConfigTbl
                0x08294b64        0x4
 .rodata.GpioConfigTbl
                0x08294b64        0x4 build\gcc\obj/custom/config/sys_config.o
                0x08294b64                GpioConfigTbl

.rodata.TaskConfig
                0x08294b68       0x50
 .rodata.TaskConfig
                0x08294b68       0x50 build\gcc\obj/custom/config/sys_config.o
                0x08294b68                TaskConfig

.rodata.str1.1  0x08294bb8      0xaf5
 .rodata.str1.1
                0x08294bb8       0x41 build\gcc\obj/ril/src/ril_atResponse.o
                                 0x47 (size before relaxing)
 .rodata.str1.1
                0x08294bf9      0x151 build\gcc\obj/ril/src/ril_dfota.o
 .rodata.str1.1
                0x08294d4a       0x2c build\gcc\obj/ril/src/ril_init.o
 .rodata.str1.1
                0x08294d76       0x66 build\gcc\obj/ril/src/ril_sim.o
                                 0x9c (size before relaxing)
 .rodata.str1.1
                0x08294ddc      0x1b5 build\gcc\obj/ril/src/ril_urc.o
                                0x1b8 (size before relaxing)
 .rodata.str1.1
                0x08294f91       0x11 build\gcc\obj/ril/src/ril_util.o
                                 0x16 (size before relaxing)
 .rodata.str1.1
                0x08294fa2      0x17c build\gcc\obj/custom/main.o
                                0x194 (size before relaxing)
 .rodata.str1.1
                0x0829511e       0x19 libs/gcc/app_start.lib(memory.o)
 .rodata.str1.1
                0x08295137       0x1a libs/gcc/app_start.lib(ql_main.o)
 .rodata.str1.1
                0x08295151       0x1a libs/gcc/app_start.lib(ril_main.o)
                                 0x21 (size before relaxing)
 .rodata.str1.1
                0x0829516b       0xba libs/gcc/app_start.lib(stdlib_func.o)
 .rodata.str1.1
                0x08295225       0x4d libs/gcc/app_start.lib(system.o)
 .rodata.str1.1
                0x08295272      0x316 libs/gcc/app_start.lib(taskMngt.o)
 .rodata.str1.1
                0x08295588       0xa0 libs/gcc/app_start.lib(timer.o)
 .rodata.str1.1
                0x08295628       0x85 libs/gcc/app_start.lib(uart.o)

.rodata.m_AtURCHdlEntry
                0x082956b0      0x508
 .rodata.m_AtURCHdlEntry
                0x082956b0      0x508 build\gcc\obj/ril/src/ril_urc.o

.rodata.m_SysURCHdlEntry
                0x08295bb8       0xe0
 .rodata.m_SysURCHdlEntry
                0x08295bb8       0xe0 build\gcc\obj/ril/src/ril_urc.o

.rel.dyn        0x08295c98        0x0
 .rel.iplt      0x00000000        0x0 build\gcc\obj/custom/config/custom_sys_cfg.o

.data           0x001e7000      0x16c load address 0x08295c98
                0x001e7000                __data_start = .
                0x001e7000                . = ALIGN (0x4)
 *(.data.*)
 .data.g_InitCmds
                0x001e7000        0xc build\gcc\obj/ril/src/ril_init.o
                0x001e7000                g_InitCmds
 .data.g_LimitedCmds
                0x001e700c        0x4 build\gcc\obj/ril/src/ril_init.o
                0x001e700c                g_LimitedCmds
 .data.lwm2m_urc_param
                0x001e7010       0x18 build\gcc\obj/ril/src/ril_urc.o
                0x001e7010                lwm2m_urc_param
 .data.mqtt_urc_param
                0x001e7028       0x38 build\gcc\obj/ril/src/ril_urc.o
                0x001e7028                mqtt_urc_param
 .data.api_notsup
                0x001e7060       0x18 libs/gcc/app_start.lib(ql_func.o)
                0x001e7060                api_notsup
 .data.g_ril_auxTaskId
                0x001e7078        0x4 libs/gcc/app_start.lib(ril_aux.o)
                0x001e7078                g_ril_auxTaskId
 .data.m_atTimer
                0x001e707c        0xc libs/gcc/app_start.lib(ril_main.o)
 .data.m_thisTaskId
                0x001e7088        0x4 libs/gcc/app_start.lib(ril_main.o)
 .data.m_SysPROTOCOLEntry
                0x001e708c       0xe0 libs/gcc/app_start.lib(ql_urc_register.o)
 *(.data)
                0x001e716c                _edata = .

.igot.plt       0x001e716c        0x0 load address 0x08295e04
 .igot.plt      0x00000000        0x0 build\gcc\obj/custom/config/custom_sys_cfg.o

.bss            0x001e716c     0x1488 load address 0x08295e04
                0x001e716c                __bss_start__ = .
                0x001e716c                . = ALIGN (0x4)
 *(.bss)
 *(.bss.*)
 .bss.m_iErrCode
                0x001e716c        0x4 build\gcc\obj/ril/src/ril_atResponse.o
 .bss.DBG_Buffer
                0x001e7170      0x400 build\gcc\obj/ril/src/ril_dfota.o
 .bss.ssl_urc_param
                0x001e7570       0x2c build\gcc\obj/ril/src/ril_urc.o
                0x001e7570                ssl_urc_param
 .bss.socket_urc_param
                0x001e759c       0x1c build\gcc\obj/ril/src/ril_urc.o
                0x001e759c                socket_urc_param
 .bss.DBG_BUFFER
                0x001e75b8      0x200 build\gcc\obj/custom/main.o
 .bss.m_RxBuf_Uart
                0x001e77b8      0x800 build\gcc\obj/custom/main.o
 .bss.m_MEM_Alloc
                0x001e7fb8        0x4 libs/gcc/app_start.lib(memory.o)
 .bss.m_MEM_Free
                0x001e7fbc        0x4 libs/gcc/app_start.lib(memory.o)
 .bss.m_create_api_hash
                0x001e7fc0        0x4 libs/gcc/app_start.lib(ql_func.o)
                0x001e7fc0                m_create_api_hash
 .bss.m_get_api_ptr
                0x001e7fc4        0x4 libs/gcc/app_start.lib(ql_func.o)
                0x001e7fc4                m_get_api_ptr
 .bss.Ql_sscanf
                0x001e7fc8        0x4 libs/gcc/app_start.lib(ql_main.o)
                0x001e7fc8                Ql_sscanf
 .bss.runinfo   0x001e7fcc        0x8 libs/gcc/app_start.lib(ql_main.o)
                0x001e7fcc                runinfo
 .bss.Ql_Debug_Trace
                0x001e7fd4        0x4 libs/gcc/app_start.lib(ql_main.o)
                0x001e7fd4                Ql_Debug_Trace
 .bss.Ql_sprintf
                0x001e7fd8        0x4 libs/gcc/app_start.lib(ql_main.o)
                0x001e7fd8                Ql_sprintf
 .bss.Ql_snprintf
                0x001e7fdc        0x4 libs/gcc/app_start.lib(ql_main.o)
                0x001e7fdc                Ql_snprintf
 .bss.init_size
                0x001e7fe0        0x4 libs/gcc/app_start.lib(ql_main.o)
 .bss.g_ril_auxTaskReady
                0x001e7fe4        0x1 libs/gcc/app_start.lib(ril_aux.o)
                0x001e7fe4                g_ril_auxTaskReady
 *fill*         0x001e7fe5        0x3 
 .bss.m_pATRspLineBuf
                0x001e7fe8        0x4 libs/gcc/app_start.lib(ril_main.o)
 .bss.m_strATCmd
                0x001e7fec      0x578 libs/gcc/app_start.lib(ril_main.o)
 .bss.m_IsATHandling
                0x001e8564        0x1 libs/gcc/app_start.lib(ril_main.o)
 *fill*         0x001e8565        0x3 
 .bss.m_data    0x001e8568        0x8 libs/gcc/app_start.lib(ril_main.o)
 .bss.m_isRILInited
                0x001e8570        0x1 libs/gcc/app_start.lib(ril_main.o)
 *fill*         0x001e8571        0x3 
 .bss.m_nATRspBufLen
                0x001e8574        0x4 libs/gcc/app_start.lib(ril_main.o)
 .bss.m_nAtMutexId
                0x001e8578        0x4 libs/gcc/app_start.lib(ril_main.o)
 .bss.m_userdata
                0x001e857c        0x4 libs/gcc/app_start.lib(ril_main.o)
 .bss.g_nEventGrpId
                0x001e8580        0x4 libs/gcc/app_start.lib(ril_main.o)
 .bss.m_pATRspBuffer
                0x001e8584        0x4 libs/gcc/app_start.lib(ril_main.o)
 .bss.m_nATErrCode
                0x001e8588        0x4 libs/gcc/app_start.lib(ril_main.o)
 .bss.m_atRsp_callback
                0x001e858c        0x4 libs/gcc/app_start.lib(ril_main.o)
 .bss.m_nATRsp_Result
                0x001e8590        0x4 libs/gcc/app_start.lib(ril_main.o)
 .bss.m_strncmp
                0x001e8594        0x4 libs/gcc/app_start.lib(stdlib_func.o)
 .bss.m_strncpy
                0x001e8598        0x4 libs/gcc/app_start.lib(stdlib_func.o)
 .bss.m_memset  0x001e859c        0x4 libs/gcc/app_start.lib(stdlib_func.o)
 .bss.m_memcpy  0x001e85a0        0x4 libs/gcc/app_start.lib(stdlib_func.o)
 .bss.m_memcmp  0x001e85a4        0x4 libs/gcc/app_start.lib(stdlib_func.o)
 .bss.m_strlen  0x001e85a8        0x4 libs/gcc/app_start.lib(stdlib_func.o)
 .bss.m_strstr  0x001e85ac        0x4 libs/gcc/app_start.lib(stdlib_func.o)
 .bss.m_GetvFunc_Init_Status
                0x001e85b0        0x4 libs/gcc/app_start.lib(system.o)
 .bss.m_RIL_request_custom_command
                0x001e85b4        0x4 libs/gcc/app_start.lib(taskMngt.o)
 .bss.m_OS_TakeMutex
                0x001e85b8        0x4 libs/gcc/app_start.lib(taskMngt.o)
 .bss.m_OS_GiveMutex
                0x001e85bc        0x4 libs/gcc/app_start.lib(taskMngt.o)
 .bss.m_OS_GetMessage
                0x001e85c0        0x4 libs/gcc/app_start.lib(taskMngt.o)
 .bss.m_OS_CreateEvent
                0x001e85c4        0x4 libs/gcc/app_start.lib(taskMngt.o)
 .bss.m_OS_SendMessage
                0x001e85c8        0x4 libs/gcc/app_start.lib(taskMngt.o)
 .bss.m_OS_WaitEvent
                0x001e85cc        0x4 libs/gcc/app_start.lib(taskMngt.o)
 .bss.m_OS_SetEvent
                0x001e85d0        0x4 libs/gcc/app_start.lib(taskMngt.o)
 .bss.m_OS_CreateMutex
                0x001e85d4        0x4 libs/gcc/app_start.lib(taskMngt.o)
 .bss.m_Timer_Register
                0x001e85d8        0x4 libs/gcc/app_start.lib(timer.o)
 .bss.m_Timer_Stop
                0x001e85dc        0x4 libs/gcc/app_start.lib(timer.o)
 .bss.m_Timer_Start
                0x001e85e0        0x4 libs/gcc/app_start.lib(timer.o)
 .bss.m_Ql_UART_Open
                0x001e85e4        0x4 libs/gcc/app_start.lib(uart.o)
 .bss.m_Ql_UART_Read
                0x001e85e8        0x4 libs/gcc/app_start.lib(uart.o)
 .bss.m_Ql_UART_Register
                0x001e85ec        0x4 libs/gcc/app_start.lib(uart.o)
 .bss.m_Ql_UART_Write
                0x001e85f0        0x4 libs/gcc/app_start.lib(uart.o)
                0x001e85f4                __bss_end__ = .
LOAD build\gcc\obj/custom/config/custom_sys_cfg.o
LOAD build\gcc\obj/custom/config/sys_config.o
LOAD build\gcc\obj/ril/src/ril_atResponse.o
LOAD build\gcc\obj/ril/src/ril_dfota.o
LOAD build\gcc\obj/ril/src/ril_init.o
LOAD build\gcc\obj/ril/src/ril_lwm2m.o
LOAD build\gcc\obj/ril/src/ril_mqtt.o
LOAD build\gcc\obj/ril/src/ril_network.o
LOAD build\gcc\obj/ril/src/ril_sim.o
LOAD build\gcc\obj/ril/src/ril_socket.o
LOAD build\gcc\obj/ril/src/ril_ssl.o
LOAD build\gcc\obj/ril/src/ril_system.o
LOAD build\gcc\obj/ril/src/ril_urc.o
LOAD build\gcc\obj/ril/src/ril_util.o
LOAD build\gcc\obj/example/example_adc.o
LOAD build\gcc\obj/example/example_dfota_http.o
LOAD build\gcc\obj/example/example_eint.o
LOAD build\gcc\obj/example/example_flash.o
LOAD build\gcc\obj/example/example_float_math.o
LOAD build\gcc\obj/example/example_gpio.o
LOAD build\gcc\obj/example/example_iic.o
LOAD build\gcc\obj/example/example_lwm2m.o
LOAD build\gcc\obj/example/example_memory.o
LOAD build\gcc\obj/example/example_mqtt.o
LOAD build\gcc\obj/example/example_mqtts.o
LOAD build\gcc\obj/example/example_multitask.o
LOAD build\gcc\obj/example/example_psm_eint.o
LOAD build\gcc\obj/example/example_pwm.o
LOAD build\gcc\obj/example/example_rtc.o
LOAD build\gcc\obj/example/example_spi.o
LOAD build\gcc\obj/example/example_ssl.o
LOAD build\gcc\obj/example/example_system.o
LOAD build\gcc\obj/example/example_tcpclient.o
LOAD build\gcc\obj/example/example_tcpclient_api.o
LOAD build\gcc\obj/example/example_time.o
LOAD build\gcc\obj/example/example_timer.o
LOAD build\gcc\obj/example/example_udpclient.o
LOAD build\gcc\obj/example/example_udpclient_api.o
LOAD build\gcc\obj/example/example_watchdog.o
LOAD build\gcc\obj/example/utility.o
LOAD build\gcc\obj/custom/main.o
LOAD libs/gcc/app_start.lib
LOAD tools\gcc\win\gcc-arm-none-eabi/arm-none-eabi/lib/armv7e-m/fpu/libm.a
LOAD tools\gcc\win\gcc-arm-none-eabi/arm-none-eabi/lib/armv7e-m/fpu/libc.a
LOAD tools\gcc\win\gcc-arm-none-eabi/lib/gcc/arm-none-eabi/4.8.3/armv7e-m/fpu/libgcc.a
OUTPUT(build\gcc/APPGS3MDM32A01.elf elf32-littlearm)

.debug_info     0x00000000     0xcf8f
 .debug_info    0x00000000      0x3ad build\gcc\obj/custom/config/custom_sys_cfg.o
 .debug_info    0x000003ad      0x2ab build\gcc\obj/custom/config/sys_config.o
 .debug_info    0x00000658      0x25e build\gcc\obj/ril/src/ril_atResponse.o
 .debug_info    0x000008b6      0x6f0 build\gcc\obj/ril/src/ril_dfota.o
 .debug_info    0x00000fa6       0xfc build\gcc\obj/ril/src/ril_init.o
 .debug_info    0x000010a2      0x9c4 build\gcc\obj/ril/src/ril_sim.o
 .debug_info    0x00001a66      0x8e0 build\gcc\obj/ril/src/ril_system.o
 .debug_info    0x00002346     0x3396 build\gcc\obj/ril/src/ril_urc.o
 .debug_info    0x000056dc      0x5a6 build\gcc\obj/ril/src/ril_util.o
 .debug_info    0x00005c82      0xb7b build\gcc\obj/custom/main.o
 .debug_info    0x000067fd      0x1eb libs/gcc/app_start.lib(memory.o)
 .debug_info    0x000069e8       0xee libs/gcc/app_start.lib(ql_func.o)
 .debug_info    0x00006ad6      0x711 libs/gcc/app_start.lib(ql_main.o)
 .debug_info    0x000071e7      0x1c0 libs/gcc/app_start.lib(ril_aux.o)
 .debug_info    0x000073a7     0x10b3 libs/gcc/app_start.lib(ril_main.o)
 .debug_info    0x0000845a     0x1363 libs/gcc/app_start.lib(stdlib_func.o)
 .debug_info    0x000097bd      0x6b4 libs/gcc/app_start.lib(system.o)
 .debug_info    0x00009e71     0x1796 libs/gcc/app_start.lib(taskMngt.o)
 .debug_info    0x0000b607      0x876 libs/gcc/app_start.lib(timer.o)
 .debug_info    0x0000be7d      0xba8 libs/gcc/app_start.lib(uart.o)
 .debug_info    0x0000ca25       0x71 libs/gcc/app_start.lib(ocpu_init.o)
 .debug_info    0x0000ca96      0x4f9 libs/gcc/app_start.lib(ql_urc_register.o)

.debug_abbrev   0x00000000     0x20e7
 .debug_abbrev  0x00000000       0xdb build\gcc\obj/custom/config/custom_sys_cfg.o
 .debug_abbrev  0x000000db       0xb5 build\gcc\obj/custom/config/sys_config.o
 .debug_abbrev  0x00000190      0x13b build\gcc\obj/ril/src/ril_atResponse.o
 .debug_abbrev  0x000002cb      0x188 build\gcc\obj/ril/src/ril_dfota.o
 .debug_abbrev  0x00000453       0x86 build\gcc\obj/ril/src/ril_init.o
 .debug_abbrev  0x000004d9      0x23d build\gcc\obj/ril/src/ril_sim.o
 .debug_abbrev  0x00000716      0x1db build\gcc\obj/ril/src/ril_system.o
 .debug_abbrev  0x000008f1      0x280 build\gcc\obj/ril/src/ril_urc.o
 .debug_abbrev  0x00000b71      0x13e build\gcc\obj/ril/src/ril_util.o
 .debug_abbrev  0x00000caf      0x21e build\gcc\obj/custom/main.o
 .debug_abbrev  0x00000ecd      0x114 libs/gcc/app_start.lib(memory.o)
 .debug_abbrev  0x00000fe1       0x7e libs/gcc/app_start.lib(ql_func.o)
 .debug_abbrev  0x0000105f      0x1a9 libs/gcc/app_start.lib(ql_main.o)
 .debug_abbrev  0x00001208      0x123 libs/gcc/app_start.lib(ril_aux.o)
 .debug_abbrev  0x0000132b      0x3d2 libs/gcc/app_start.lib(ril_main.o)
 .debug_abbrev  0x000016fd      0x28e libs/gcc/app_start.lib(stdlib_func.o)
 .debug_abbrev  0x0000198b      0x173 libs/gcc/app_start.lib(system.o)
 .debug_abbrev  0x00001afe      0x230 libs/gcc/app_start.lib(taskMngt.o)
 .debug_abbrev  0x00001d2e       0xff libs/gcc/app_start.lib(timer.o)
 .debug_abbrev  0x00001e2d      0x14f libs/gcc/app_start.lib(uart.o)
 .debug_abbrev  0x00001f7c       0x14 libs/gcc/app_start.lib(ocpu_init.o)
 .debug_abbrev  0x00001f90      0x157 libs/gcc/app_start.lib(ql_urc_register.o)

.debug_aranges  0x00000000      0x750
 .debug_aranges
                0x00000000       0x20 build\gcc\obj/custom/config/custom_sys_cfg.o
 .debug_aranges
                0x00000020       0x18 build\gcc\obj/custom/config/sys_config.o
 .debug_aranges
                0x00000038       0x30 build\gcc\obj/ril/src/ril_atResponse.o
 .debug_aranges
                0x00000068       0x30 build\gcc\obj/ril/src/ril_dfota.o
 .debug_aranges
                0x00000098       0x28 build\gcc\obj/ril/src/ril_init.o
 .debug_aranges
                0x000000c0       0x50 build\gcc\obj/ril/src/ril_sim.o
 .debug_aranges
                0x00000110       0x60 build\gcc\obj/ril/src/ril_system.o
 .debug_aranges
                0x00000170      0x100 build\gcc\obj/ril/src/ril_urc.o
 .debug_aranges
                0x00000270       0x48 build\gcc\obj/ril/src/ril_util.o
 .debug_aranges
                0x000002b8       0x30 build\gcc\obj/custom/main.o
 .debug_aranges
                0x000002e8       0x28 libs/gcc/app_start.lib(memory.o)
 .debug_aranges
                0x00000310       0x18 libs/gcc/app_start.lib(ql_func.o)
 .debug_aranges
                0x00000328       0x28 libs/gcc/app_start.lib(ql_main.o)
 .debug_aranges
                0x00000350       0x20 libs/gcc/app_start.lib(ril_aux.o)
 .debug_aranges
                0x00000370       0x50 libs/gcc/app_start.lib(ril_main.o)
 .debug_aranges
                0x000003c0       0xd0 libs/gcc/app_start.lib(stdlib_func.o)
 .debug_aranges
                0x00000490       0x58 libs/gcc/app_start.lib(system.o)
 .debug_aranges
                0x000004e8      0x140 libs/gcc/app_start.lib(taskMngt.o)
 .debug_aranges
                0x00000628       0x60 libs/gcc/app_start.lib(timer.o)
 .debug_aranges
                0x00000688       0x60 libs/gcc/app_start.lib(uart.o)
 .debug_aranges
                0x000006e8       0x20 libs/gcc/app_start.lib(ocpu_init.o)
 .debug_aranges
                0x00000708       0x48 libs/gcc/app_start.lib(ql_urc_register.o)

.debug_ranges   0x00000000      0x968
 .debug_ranges  0x00000000       0x10 build\gcc\obj/custom/config/custom_sys_cfg.o
 .debug_ranges  0x00000010       0x20 build\gcc\obj/ril/src/ril_atResponse.o
 .debug_ranges  0x00000030       0x20 build\gcc\obj/ril/src/ril_dfota.o
 .debug_ranges  0x00000050       0x18 build\gcc\obj/ril/src/ril_init.o
 .debug_ranges  0x00000068       0x40 build\gcc\obj/ril/src/ril_sim.o
 .debug_ranges  0x000000a8       0x50 build\gcc\obj/ril/src/ril_system.o
 .debug_ranges  0x000000f8       0xf0 build\gcc\obj/ril/src/ril_urc.o
 .debug_ranges  0x000001e8       0x38 build\gcc\obj/ril/src/ril_util.o
 .debug_ranges  0x00000220       0x20 build\gcc\obj/custom/main.o
 .debug_ranges  0x00000240       0x18 libs/gcc/app_start.lib(memory.o)
 .debug_ranges  0x00000258       0x18 libs/gcc/app_start.lib(ql_main.o)
 .debug_ranges  0x00000270       0x10 libs/gcc/app_start.lib(ril_aux.o)
 .debug_ranges  0x00000280       0xa8 libs/gcc/app_start.lib(ril_main.o)
 .debug_ranges  0x00000328      0x120 libs/gcc/app_start.lib(stdlib_func.o)
 .debug_ranges  0x00000448       0x48 libs/gcc/app_start.lib(system.o)
 .debug_ranges  0x00000490      0x250 libs/gcc/app_start.lib(taskMngt.o)
 .debug_ranges  0x000006e0      0x128 libs/gcc/app_start.lib(timer.o)
 .debug_ranges  0x00000808      0x110 libs/gcc/app_start.lib(uart.o)
 .debug_ranges  0x00000918       0x50 libs/gcc/app_start.lib(ql_urc_register.o)

.debug_line     0x00000000     0x2076
 .debug_line    0x00000000       0x8f build\gcc\obj/custom/config/custom_sys_cfg.o
 .debug_line    0x0000008f       0x7b build\gcc\obj/custom/config/sys_config.o
 .debug_line    0x0000010a       0xb9 build\gcc\obj/ril/src/ril_atResponse.o
 .debug_line    0x000001c3       0xf8 build\gcc\obj/ril/src/ril_dfota.o
 .debug_line    0x000002bb       0x69 build\gcc\obj/ril/src/ril_init.o
 .debug_line    0x00000324      0x169 build\gcc\obj/ril/src/ril_sim.o
 .debug_line    0x0000048d      0x19f build\gcc\obj/ril/src/ril_system.o
 .debug_line    0x0000062c      0x56f build\gcc\obj/ril/src/ril_urc.o
 .debug_line    0x00000b9b      0x187 build\gcc\obj/ril/src/ril_util.o
 .debug_line    0x00000d22      0x11c build\gcc\obj/custom/main.o
 .debug_line    0x00000e3e       0x9f libs/gcc/app_start.lib(memory.o)
 .debug_line    0x00000edd       0x68 libs/gcc/app_start.lib(ql_func.o)
 .debug_line    0x00000f45       0xf9 libs/gcc/app_start.lib(ql_main.o)
 .debug_line    0x0000103e       0x88 libs/gcc/app_start.lib(ril_aux.o)
 .debug_line    0x000010c6      0x296 libs/gcc/app_start.lib(ril_main.o)
 .debug_line    0x0000135c      0x39a libs/gcc/app_start.lib(stdlib_func.o)
 .debug_line    0x000016f6      0x140 libs/gcc/app_start.lib(system.o)
 .debug_line    0x00001836      0x410 libs/gcc/app_start.lib(taskMngt.o)
 .debug_line    0x00001c46      0x16c libs/gcc/app_start.lib(timer.o)
 .debug_line    0x00001db2      0x175 libs/gcc/app_start.lib(uart.o)
 .debug_line    0x00001f27       0x51 libs/gcc/app_start.lib(ocpu_init.o)
 .debug_line    0x00001f78       0xfe libs/gcc/app_start.lib(ql_urc_register.o)

.debug_str      0x00000000     0x3958
 .debug_str     0x00000000      0x5b9 build\gcc\obj/custom/config/custom_sys_cfg.o
                                0x5e7 (size before relaxing)
 .debug_str     0x000005b9      0x15e build\gcc\obj/custom/config/sys_config.o
                                0x4dc (size before relaxing)
 .debug_str     0x00000717       0xaa build\gcc\obj/ril/src/ril_atResponse.o
                                0x2a7 (size before relaxing)
 .debug_str     0x000007c1      0x20a build\gcc\obj/ril/src/ril_dfota.o
                                0x402 (size before relaxing)
 .debug_str     0x000009cb       0x53 build\gcc\obj/ril/src/ril_init.o
                                0x23f (size before relaxing)
 .debug_str     0x00000a1e      0x1bc build\gcc\obj/ril/src/ril_sim.o
                                0x472 (size before relaxing)
 .debug_str     0x00000bda      0x15a build\gcc\obj/ril/src/ril_system.o
                                0x407 (size before relaxing)
 .debug_str     0x00000d34      0x7cf build\gcc\obj/ril/src/ril_urc.o
                                0xbe0 (size before relaxing)
 .debug_str     0x00001503       0xba build\gcc\obj/ril/src/ril_util.o
                                0x2b9 (size before relaxing)
 .debug_str     0x000015bd      0x956 build\gcc\obj/custom/main.o
                                0xe89 (size before relaxing)
 .debug_str     0x00001f13       0x8a libs/gcc/app_start.lib(memory.o)
                                0x27b (size before relaxing)
 .debug_str     0x00001f9d       0x46 libs/gcc/app_start.lib(ql_func.o)
                                0x256 (size before relaxing)
 .debug_str     0x00001fe3      0x1e7 libs/gcc/app_start.lib(ql_main.o)
                                0x7dd (size before relaxing)
 .debug_str     0x000021ca       0x5f libs/gcc/app_start.lib(ril_aux.o)
                                0x2b0 (size before relaxing)
 .debug_str     0x00002229      0x340 libs/gcc/app_start.lib(ril_main.o)
                                0xead (size before relaxing)
 .debug_str     0x00002569      0x303 libs/gcc/app_start.lib(stdlib_func.o)
                                0xd42 (size before relaxing)
 .debug_str     0x0000286c      0x159 libs/gcc/app_start.lib(system.o)
                                0xb51 (size before relaxing)
 .debug_str     0x000029c5      0x97c libs/gcc/app_start.lib(taskMngt.o)
                               0x13fa (size before relaxing)
 .debug_str     0x00003341      0x23f libs/gcc/app_start.lib(timer.o)
                                0xc3f (size before relaxing)
 .debug_str     0x00003580      0x2c4 libs/gcc/app_start.lib(uart.o)
                                0xfda (size before relaxing)
 .debug_str     0x00003844      0x114 libs/gcc/app_start.lib(ql_urc_register.o)
                                0xb27 (size before relaxing)

.comment        0x00000000       0x70
 .comment       0x00000000       0x70 build\gcc\obj/custom/config/custom_sys_cfg.o
                                 0x71 (size before relaxing)
 .comment       0x00000000       0x71 build\gcc\obj/custom/config/sys_config.o
 .comment       0x00000000       0x71 build\gcc\obj/ril/src/ril_atResponse.o
 .comment       0x00000000       0x71 build\gcc\obj/ril/src/ril_dfota.o
 .comment       0x00000000       0x71 build\gcc\obj/ril/src/ril_init.o
 .comment       0x00000000       0x71 build\gcc\obj/ril/src/ril_sim.o
 .comment       0x00000000       0x71 build\gcc\obj/ril/src/ril_system.o
 .comment       0x00000000       0x71 build\gcc\obj/ril/src/ril_urc.o
 .comment       0x00000000       0x71 build\gcc\obj/ril/src/ril_util.o
 .comment       0x00000000       0x71 build\gcc\obj/custom/main.o
 .comment       0x00000000       0x71 libs/gcc/app_start.lib(memory.o)
 .comment       0x00000000       0x71 libs/gcc/app_start.lib(ql_func.o)
 .comment       0x00000000       0x71 libs/gcc/app_start.lib(ql_main.o)
 .comment       0x00000000       0x71 libs/gcc/app_start.lib(ril_aux.o)
 .comment       0x00000000       0x71 libs/gcc/app_start.lib(ril_main.o)
 .comment       0x00000000       0x71 libs/gcc/app_start.lib(stdlib_func.o)
 .comment       0x00000000       0x71 libs/gcc/app_start.lib(system.o)
 .comment       0x00000000       0x71 libs/gcc/app_start.lib(taskMngt.o)
 .comment       0x00000000       0x71 libs/gcc/app_start.lib(timer.o)
 .comment       0x00000000       0x71 libs/gcc/app_start.lib(uart.o)
 .comment       0x00000000       0x71 libs/gcc/app_start.lib(ql_urc_register.o)

.ARM.attributes
                0x00000000       0x37
 .ARM.attributes
                0x00000000       0x39 build\gcc\obj/custom/config/custom_sys_cfg.o
 .ARM.attributes
                0x00000039       0x39 build\gcc\obj/custom/config/sys_config.o
 .ARM.attributes
                0x00000072       0x39 build\gcc\obj/ril/src/ril_atResponse.o
 .ARM.attributes
                0x000000ab       0x39 build\gcc\obj/ril/src/ril_dfota.o
 .ARM.attributes
                0x000000e4       0x39 build\gcc\obj/ril/src/ril_init.o
 .ARM.attributes
                0x0000011d       0x39 build\gcc\obj/ril/src/ril_sim.o
 .ARM.attributes
                0x00000156       0x39 build\gcc\obj/ril/src/ril_system.o
 .ARM.attributes
                0x0000018f       0x39 build\gcc\obj/ril/src/ril_urc.o
 .ARM.attributes
                0x000001c8       0x39 build\gcc\obj/ril/src/ril_util.o
 .ARM.attributes
                0x00000201       0x39 build\gcc\obj/custom/main.o
 .ARM.attributes
                0x0000023a       0x39 libs/gcc/app_start.lib(memory.o)
 .ARM.attributes
                0x00000273       0x39 libs/gcc/app_start.lib(ql_func.o)
 .ARM.attributes
                0x000002ac       0x39 libs/gcc/app_start.lib(ql_main.o)
 .ARM.attributes
                0x000002e5       0x39 libs/gcc/app_start.lib(ril_aux.o)
 .ARM.attributes
                0x0000031e       0x39 libs/gcc/app_start.lib(ril_main.o)
 .ARM.attributes
                0x00000357       0x39 libs/gcc/app_start.lib(stdlib_func.o)
 .ARM.attributes
                0x00000390       0x39 libs/gcc/app_start.lib(system.o)
 .ARM.attributes
                0x000003c9       0x39 libs/gcc/app_start.lib(taskMngt.o)
 .ARM.attributes
                0x00000402       0x39 libs/gcc/app_start.lib(timer.o)
 .ARM.attributes
                0x0000043b       0x39 libs/gcc/app_start.lib(uart.o)
 .ARM.attributes
                0x00000474       0x21 libs/gcc/app_start.lib(ocpu_init.o)
 .ARM.attributes
                0x00000495       0x39 libs/gcc/app_start.lib(ql_urc_register.o)
 .ARM.attributes
                0x000004ce       0x34 tools\gcc\win\gcc-arm-none-eabi/arm-none-eabi/lib/armv7e-m/fpu/libc.a(lib_a-memset.o)

.debug_frame    0x00000000     0x1474
 .debug_frame   0x00000000       0x20 build\gcc\obj/custom/config/custom_sys_cfg.o
 .debug_frame   0x00000020       0x4c build\gcc\obj/ril/src/ril_atResponse.o
 .debug_frame   0x0000006c       0x78 build\gcc\obj/ril/src/ril_dfota.o
 .debug_frame   0x000000e4       0x30 build\gcc\obj/ril/src/ril_init.o
 .debug_frame   0x00000114       0xe8 build\gcc\obj/ril/src/ril_sim.o
 .debug_frame   0x000001fc      0x124 build\gcc\obj/ril/src/ril_system.o
 .debug_frame   0x00000320      0x3cc build\gcc\obj/ril/src/ril_urc.o
 .debug_frame   0x000006ec       0xcc build\gcc\obj/ril/src/ril_util.o
 .debug_frame   0x000007b8       0x74 build\gcc\obj/custom/main.o
 .debug_frame   0x0000082c       0x48 libs/gcc/app_start.lib(memory.o)
 .debug_frame   0x00000874       0x48 libs/gcc/app_start.lib(ql_main.o)
 .debug_frame   0x000008bc       0x30 libs/gcc/app_start.lib(ril_aux.o)
 .debug_frame   0x000008ec       0xec libs/gcc/app_start.lib(ril_main.o)
 .debug_frame   0x000009d8      0x2b4 libs/gcc/app_start.lib(stdlib_func.o)
 .debug_frame   0x00000c8c       0xe8 libs/gcc/app_start.lib(system.o)
 .debug_frame   0x00000d74      0x408 libs/gcc/app_start.lib(taskMngt.o)
 .debug_frame   0x0000117c      0x120 libs/gcc/app_start.lib(timer.o)
 .debug_frame   0x0000129c      0x120 libs/gcc/app_start.lib(uart.o)
 .debug_frame   0x000013bc       0x8c libs/gcc/app_start.lib(ql_urc_register.o)
 .debug_frame   0x00001448       0x2c tools\gcc\win\gcc-arm-none-eabi/arm-none-eabi/lib/armv7e-m/fpu/libc.a(lib_a-memset.o)

.debug_loc      0x00000000     0x6c08
 .debug_loc     0x00000000       0xbb build\gcc\obj/ril/src/ril_atResponse.o
 .debug_loc     0x000000bb      0x2c6 build\gcc\obj/ril/src/ril_dfota.o
 .debug_loc     0x00000381      0x6c3 build\gcc\obj/ril/src/ril_sim.o
 .debug_loc     0x00000a44      0x82a build\gcc\obj/ril/src/ril_system.o
 .debug_loc     0x0000126e     0x16c4 build\gcc\obj/ril/src/ril_urc.o
 .debug_loc     0x00002932      0x6fc build\gcc\obj/ril/src/ril_util.o
 .debug_loc     0x0000302e      0x326 build\gcc\obj/custom/main.o
 .debug_loc     0x00003354       0xbe libs/gcc/app_start.lib(memory.o)
 .debug_loc     0x00003412      0x104 libs/gcc/app_start.lib(ql_main.o)
 .debug_loc     0x00003516       0x60 libs/gcc/app_start.lib(ril_aux.o)
 .debug_loc     0x00003576      0x841 libs/gcc/app_start.lib(ril_main.o)
 .debug_loc     0x00003db7      0xe75 libs/gcc/app_start.lib(stdlib_func.o)
 .debug_loc     0x00004c2c      0x34d libs/gcc/app_start.lib(system.o)
 .debug_loc     0x00004f79      0xf9f libs/gcc/app_start.lib(taskMngt.o)
 .debug_loc     0x00005f18      0x55c libs/gcc/app_start.lib(timer.o)
 .debug_loc     0x00006474      0x551 libs/gcc/app_start.lib(uart.o)
 .debug_loc     0x000069c5      0x243 libs/gcc/app_start.lib(ql_urc_register.o)
